Archive member included to satisfy reference by file (symbol)

/Applications/STM32CubeIDE.app/Contents/Eclipse/plugins/com.st.stm32cube.ide.mcu.externaltools.gnu-tools-for-stm32.13.3.rel1.macos64_1.0.100.202509120712/tools/bin/../lib/gcc/arm-none-eabi/13.3.1/../../../../arm-none-eabi/lib/thumb/v7e-m+fp/hard/libc_nano.a(libc_a-exit.o)
                              /Applications/STM32CubeIDE.app/Contents/Eclipse/plugins/com.st.stm32cube.ide.mcu.externaltools.gnu-tools-for-stm32.13.3.rel1.macos64_1.0.100.202509120712/tools/bin/../lib/gcc/arm-none-eabi/13.3.1/../../../../arm-none-eabi/lib/thumb/v7e-m+fp/hard/crt0.o (exit)
/Applications/STM32CubeIDE.app/Contents/Eclipse/plugins/com.st.stm32cube.ide.mcu.externaltools.gnu-tools-for-stm32.13.3.rel1.macos64_1.0.100.202509120712/tools/bin/../lib/gcc/arm-none-eabi/13.3.1/../../../../arm-none-eabi/lib/thumb/v7e-m+fp/hard/libc_nano.a(libc_a-findfp.o)
                              /Applications/STM32CubeIDE.app/Contents/Eclipse/plugins/com.st.stm32cube.ide.mcu.externaltools.gnu-tools-for-stm32.13.3.rel1.macos64_1.0.100.202509120712/tools/bin/../lib/gcc/arm-none-eabi/13.3.1/../../../../arm-none-eabi/lib/thumb/v7e-m+fp/hard/libc_nano.a(libc_a-exit.o) (__stdio_exit_handler)
/Applications/STM32CubeIDE.app/Contents/Eclipse/plugins/com.st.stm32cube.ide.mcu.externaltools.gnu-tools-for-stm32.13.3.rel1.macos64_1.0.100.202509120712/tools/bin/../lib/gcc/arm-none-eabi/13.3.1/../../../../arm-none-eabi/lib/thumb/v7e-m+fp/hard/libc_nano.a(libc_a-fwalk.o)
                              /Applications/STM32CubeIDE.app/Contents/Eclipse/plugins/com.st.stm32cube.ide.mcu.externaltools.gnu-tools-for-stm32.13.3.rel1.macos64_1.0.100.202509120712/tools/bin/../lib/gcc/arm-none-eabi/13.3.1/../../../../arm-none-eabi/lib/thumb/v7e-m+fp/hard/libc_nano.a(libc_a-findfp.o) (_fwalk_sglue)
/Applications/STM32CubeIDE.app/Contents/Eclipse/plugins/com.st.stm32cube.ide.mcu.externaltools.gnu-tools-for-stm32.13.3.rel1.macos64_1.0.100.202509120712/tools/bin/../lib/gcc/arm-none-eabi/13.3.1/../../../../arm-none-eabi/lib/thumb/v7e-m+fp/hard/libc_nano.a(libc_a-memmove.o)
                              ./Lightning/frame_utils.o (memmove)
/Applications/STM32CubeIDE.app/Contents/Eclipse/plugins/com.st.stm32cube.ide.mcu.externaltools.gnu-tools-for-stm32.13.3.rel1.macos64_1.0.100.202509120712/tools/bin/../lib/gcc/arm-none-eabi/13.3.1/../../../../arm-none-eabi/lib/thumb/v7e-m+fp/hard/libc_nano.a(libc_a-memset.o)
                              /Applications/STM32CubeIDE.app/Contents/Eclipse/plugins/com.st.stm32cube.ide.mcu.externaltools.gnu-tools-for-stm32.13.3.rel1.macos64_1.0.100.202509120712/tools/bin/../lib/gcc/arm-none-eabi/13.3.1/../../../../arm-none-eabi/lib/thumb/v7e-m+fp/hard/crt0.o (memset)
/Applications/STM32CubeIDE.app/Contents/Eclipse/plugins/com.st.stm32cube.ide.mcu.externaltools.gnu-tools-for-stm32.13.3.rel1.macos64_1.0.100.202509120712/tools/bin/../lib/gcc/arm-none-eabi/13.3.1/../../../../arm-none-eabi/lib/thumb/v7e-m+fp/hard/libc_nano.a(libc_a-errno.o)
                              ./Core/Src/syscalls.o (__errno)
/Applications/STM32CubeIDE.app/Contents/Eclipse/plugins/com.st.stm32cube.ide.mcu.externaltools.gnu-tools-for-stm32.13.3.rel1.macos64_1.0.100.202509120712/tools/bin/../lib/gcc/arm-none-eabi/13.3.1/../../../../arm-none-eabi/lib/thumb/v7e-m+fp/hard/libc_nano.a(libc_a-init.o)
                              /Applications/STM32CubeIDE.app/Contents/Eclipse/plugins/com.st.stm32cube.ide.mcu.externaltools.gnu-tools-for-stm32.13.3.rel1.macos64_1.0.100.202509120712/tools/bin/../lib/gcc/arm-none-eabi/13.3.1/../../../../arm-none-eabi/lib/thumb/v7e-m+fp/hard/crt0.o (__libc_init_array)
/Applications/STM32CubeIDE.app/Contents/Eclipse/plugins/com.st.stm32cube.ide.mcu.externaltools.gnu-tools-for-stm32.13.3.rel1.macos64_1.0.100.202509120712/tools/bin/../lib/gcc/arm-none-eabi/13.3.1/../../../../arm-none-eabi/lib/thumb/v7e-m+fp/hard/libc_nano.a(libc_a-lock.o)
                              /Applications/STM32CubeIDE.app/Contents/Eclipse/plugins/com.st.stm32cube.ide.mcu.externaltools.gnu-tools-for-stm32.13.3.rel1.macos64_1.0.100.202509120712/tools/bin/../lib/gcc/arm-none-eabi/13.3.1/../../../../arm-none-eabi/lib/thumb/v7e-m+fp/hard/libc_nano.a(libc_a-findfp.o) (__retarget_lock_init_recursive)
/Applications/STM32CubeIDE.app/Contents/Eclipse/plugins/com.st.stm32cube.ide.mcu.externaltools.gnu-tools-for-stm32.13.3.rel1.macos64_1.0.100.202509120712/tools/bin/../lib/gcc/arm-none-eabi/13.3.1/../../../../arm-none-eabi/lib/thumb/v7e-m+fp/hard/libc_nano.a(libc_a-impure.o)
                              /Applications/STM32CubeIDE.app/Contents/Eclipse/plugins/com.st.stm32cube.ide.mcu.externaltools.gnu-tools-for-stm32.13.3.rel1.macos64_1.0.100.202509120712/tools/bin/../lib/gcc/arm-none-eabi/13.3.1/../../../../arm-none-eabi/lib/thumb/v7e-m+fp/hard/libc_nano.a(libc_a-errno.o) (_impure_ptr)
[...]
Memory Configuration

Name             Origin             Length             Attributes
RAM              0x20000000         0x00008000         xrw
FLASH            0x08000000         0x00020000         xr
*default*        0x00000000         0xffffffff

Linker script and memory map

LOAD /Applications/STM32CubeIDE.app/Contents/Eclipse/plugins/com.st.stm32cube.ide.mcu.externaltools.gnu-tools-for-stm32.13.3.rel1.macos64_1.0.100.202509120712/tools/bin/../lib/gcc/arm-none-eabi/13.3.1/thumb/v7e-m+fp/hard/crti.o
LOAD /Applications/STM32CubeIDE.app/Contents/Eclipse/plugins/com.st.stm32cube.ide.mcu.externaltools.gnu-tools-for-stm32.13.3.rel1.macos64_1.0.100.202509120712/tools/bin/../lib/gcc/arm-none-eabi/13.3.1/thumb/v7e-m+fp/hard/crtbegin.o
LOAD /Applications/STM32CubeIDE.app/Contents/Eclipse/plugins/com.st.stm32cube.ide.mcu.externaltools.gnu-tools-for-stm32.13.3.rel1.macos64_1.0.100.202509120712/tools/bin/../lib/gcc/arm-none-eabi/13.3.1/../../../../arm-none-eabi/lib/thumb/v7e-m+fp/hard/crt0.o
LOAD ./Boards/board_door_fl.o
LOAD ./Core/Src/main.o
LOAD ./Core/Src/stm32g4xx_hal_msp.o
LOAD ./Core/Src/stm32g4xx_it.o
LOAD ./Core/Src/syscalls.o
LOAD ./Core/Src/sysmem.o
LOAD ./Core/Src/system_stm32g4xx.o
LOAD ./Core/Startup/startup_stm32g431cbux.o
LOAD ./Drivers/STM32G4xx_HAL_Driver/Src/stm32g4xx_hal.o
LOAD ./Drivers/STM32G4xx_HAL_Driver/Src/stm32g4xx_hal_cortex.o
LOAD ./Drivers/STM32G4xx_HAL_Driver/Src/stm32g4xx_hal_dma.o
LOAD ./Drivers/STM32G4xx_HAL_Driver/Src/stm32g4xx_hal_dma_ex.o
LOAD ./Drivers/STM32G4xx_HAL_Driver/Src/stm32g4xx_hal_exti.o
LOAD ./Drivers/STM32G4xx_HAL_Driver/Src/stm32g4xx_hal_fdcan.o
LOAD ./Drivers/STM32G4xx_HAL_Driver/Src/stm32g4xx_hal_flash.o
LOAD ./Drivers/STM32G4xx_HAL_Driver/Src/stm32g4xx_hal_flash_ex.o
LOAD ./Drivers/STM32G4xx_HAL_Driver/Src/stm32g4xx_hal_flash_ramfunc.o
LOAD ./Drivers/STM32G4xx_HAL_Driver/Src/stm32g4xx_hal_gpio.o
LOAD ./Drivers/STM32G4xx_HAL_Driver/Src/stm32g4xx_hal_pwr.o
LOAD ./Drivers/STM32G4xx_HAL_Driver/Src/stm32g4xx_hal_pwr_ex.o
LOAD ./Drivers/STM32G4xx_HAL_Driver/Src/stm32g4xx_hal_rcc.o
LOAD ./Drivers/STM32G4xx_HAL_Driver/Src/stm32g4xx_hal_rcc_ex.o
LOAD ./Drivers/STM32G4xx_HAL_Driver/Src/stm32g4xx_hal_tim.o
LOAD ./Drivers/STM32G4xx_HAL_Driver/Src/stm32g4xx_hal_tim_ex.o
LOAD ./Lightning/driver.o
LOAD ./Lightning/effects.o
LOAD ./Lightning/frame_utils.o
LOAD ./Lightning/palette.o
LOAD ./Lightning/presets.o
LOAD ./Lightning/scene_player.o
LOAD ./Lightning/zones.o
START GROUP
LOAD /Applications/STM32CubeIDE.app/Contents/Eclipse/plugins/com.st.stm32cube.ide.mcu.externaltools.gnu-tools-for-stm32.13.3.rel1.macos64_1.0.100.202509120712/tools/bin/../lib/gcc/arm-none-eabi/13.3.1/../../../../arm-none-eabi/lib/thumb/v7e-m+fp/hard/libc_nano.a
LOAD /Applications/STM32CubeIDE.app/Contents/Eclipse/plugins/com.st.stm32cube.ide.mcu.externaltools.gnu-tools-for-stm32.13.3.rel1.macos64_1.0.100.202509120712/tools/bin/../lib/gcc/arm-none-eabi/13.3.1/../../../../arm-none-eabi/lib/thumb/v7e-m+fp/hard/libm.a
END GROUP
START GROUP
LOAD /Applications/STM32CubeIDE.app/Contents/Eclipse/plugins/com.st.stm32cube.ide.mcu.externaltools.gnu-tools-for-stm32.13.3.rel1.macos64_1.0.100.202509120712/tools/bin/../lib/gcc/arm-none-eabi/13.3.1/thumb/v7e-m+fp/hard/libgcc.a
LOAD /Applications/STM32CubeIDE.app/Contents/Eclipse/plugins/com.st.stm32cube.ide.mcu.externaltools.gnu-tools-for-stm32.13.3.rel1.macos64_1.0.100.202509120712/tools/bin/../lib/gcc/arm-none-eabi/13.3.1/../../../../arm-none-eabi/lib/thumb/v7e-m+fp/hard/libc_nano.a
END GROUP
START GROUP
LOAD /Applications/STM32CubeIDE.app/Contents/Eclipse/plugins/com.st.stm32cube.ide.mcu.externaltools.gnu-tools-for-stm32.13.3.rel1.macos64_1.0.100.202509120712/tools/bin/../lib/gcc/arm-none-eabi/13.3.1/thumb/v7e-m+fp/hard/libgcc.a
LOAD /Applications/STM32CubeIDE.app/Contents/Eclipse/plugins/com.st.stm32cube.ide.mcu.externaltools.gnu-tools-for-stm32.13.3.rel1.macos64_1.0.100.202509120712/tools/bin/../lib/gcc/arm-none-eabi/13.3.1/../../../../arm-none-eabi/lib/thumb/v7e-m+fp/hard/libc_nano.a
LOAD /Applications/STM32CubeIDE.app/Contents/Eclipse/plugins/com.st.stm32cube.ide.mcu.externaltools.gnu-tools-for-stm32.13.3.rel1.macos64_1.0.100.202509120712/tools/bin/../lib/gcc/arm-none-eabi/13.3.1/../../../../arm-none-eabi/lib/thumb/v7e-m+fp/hard/libnosys.a
END GROUP
START GROUP
LOAD /Applications/STM32CubeIDE.app/Contents/Eclipse/plugins/com.st.stm32cube.ide.mcu.externaltools.gnu-tools-for-stm32.13.3.rel1.macos64_1.0.100.202509120712/tools/bin/../lib/gcc/arm-none-eabi/13.3.1/thumb/v7e-m+fp/hard/libgcc.a
LOAD /Applications/STM32CubeIDE.app/Contents/Eclipse/plugins/com.st.stm32cube.ide.mcu.externaltools.gnu-tools-for-stm32.13.3.rel1.macos64_1.0.100.202509120712/tools/bin/../lib/gcc/arm-none-eabi/13.3.1/../../../../arm-none-eabi/lib/thumb/v7e-m+fp/hard/libc_nano.a
LOAD /Applications/STM32CubeIDE.app/Contents/Eclipse/plugins/com.st.stm32cube.ide.mcu.externaltools.gnu-tools-for-stm32.13.3.rel1.macos64_1.0.100.202509120712/tools/bin/../lib/gcc/arm-none-eabi/13.3.1/../../../../arm-none-eabi/lib/thumb/v7e-m+fp/hard/libnosys.a
END GROUP
LOAD /Applications/STM32CubeIDE.app/Contents/Eclipse/plugins/com.st.stm32cube.ide.mcu.externaltools.gnu-tools-for-stm32.13.3.rel1.macos64_1.0.100.202509120712/tools/bin/../lib/gcc/arm-none-eabi/13.3.1/thumb/v7e-m+fp/hard/crtend.o
LOAD /Applications/STM32CubeIDE.app/Contents/Eclipse/plugins/com.st.stm32cube.ide.mcu.externaltools.gnu-tools-for-stm32.13.3.rel1.macos64_1.0.100.202509120712/tools/bin/../lib/gcc/arm-none-eabi/13.3.1/thumb/v7e-m+fp/hard/crtn.o
                0x20008000                        _estack = (ORIGIN (RAM) + LENGTH (RAM))
                0x00000200                        _Min_Heap_Size = 0x200
                0x00000400                        _Min_Stack_Size = 0x400

.isr_vector     0x08000000      0x1d8
                0x08000000                        . = ALIGN (0x4)
 *(.isr_vector)
 .isr_vector    0x08000000      0x1d8 ./Core/Startup/startup_stm32g431cbux.o
                0x08000000                g_pfnVectors
                0x080001d8                        . = ALIGN (0x4)

.text           0x080001d8     0x8bb4
                0x080001d8                        . = ALIGN (0x4)
 *(.text)
 .text          0x080001d8       0x40 /Applications/STM32CubeIDE.app/Contents/Eclipse/plugins/com.st.stm32cube.ide.mcu.externaltools.gnu-tools-for-stm32.13.3.rel1.macos64_1.0.100.202509120712/tools/bin/../lib/gcc/arm-none-eabi/13.3.1/thumb/v7e-m+fp/hard/crtbegin.o
 *(.text*)
 .text.board_fl_led_init
                0x08000218       0xb8 ./Boards/board_door_fl.o
                0x08000218                board_fl_led_init
 .text.board_fl_led_render_all
                0x080002d0       0x28 ./Boards/board_door_fl.o
                0x080002d0                board_fl_led_render_all
 .text.main     0x080002f8      0x1cc ./Core/Src/main.o
                0x080002f8                main
 .text.SystemClock_Config
                0x080004c4       0x92 ./Core/Src/main.o
                0x080004c4                SystemClock_Config
 *fill*         0x08000556        0x2 
 .text.MX_FDCAN1_Init
                0x08000558       0x8c ./Core/Src/main.o
 .text.MX_TIM1_Init
                0x080005e4      0x1a8 ./Core/Src/main.o
 .text.MX_DMA_Init
                0x0800078c       0x84 ./Core/Src/main.o
 .text.MX_GPIO_Init
                0x08000810       0xac ./Core/Src/main.o
 .text.HAL_TIM_PWM_PulseFinishedCallback
                0x080008bc       0x40 ./Core/Src/main.o
                0x080008bc                HAL_TIM_PWM_PulseFinishedCallback
 .text.Error_Handler
                0x080008fc        0xc ./Core/Src/main.o
                0x080008fc                Error_Handler
 .text.HAL_MspInit
                0x08000908       0x48 ./Core/Src/stm32g4xx_hal_msp.o
                0x08000908                HAL_MspInit
 .text.HAL_FDCAN_MspInit
                0x08000950       0xd8 ./Core/Src/stm32g4xx_hal_msp.o
                0x08000950                HAL_FDCAN_MspInit
 .text.HAL_TIM_Base_MspInit
                0x08000a28      0x1b8 ./Core/Src/stm32g4xx_hal_msp.o
                0x08000a28                HAL_TIM_Base_MspInit
 .text.HAL_TIM_MspPostInit
                0x08000be0       0x94 ./Core/Src/stm32g4xx_hal_msp.o
                0x08000be0                HAL_TIM_MspPostInit
 .text.NMI_Handler
                0x08000c74        0x8 ./Core/Src/stm32g4xx_it.o
                0x08000c74                NMI_Handler
 .text.HardFault_Handler
                0x08000c7c        0x8 ./Core/Src/stm32g4xx_it.o
                0x08000c7c                HardFault_Handler
 .text.MemManage_Handler
                0x08000c84        0x8 ./Core/Src/stm32g4xx_it.o
                0x08000c84                MemManage_Handler
 .text.BusFault_Handler
                0x08000c8c        0x8 ./Core/Src/stm32g4xx_it.o
                0x08000c8c                BusFault_Handler
 .text.UsageFault_Handler
                0x08000c94        0x8 ./Core/Src/stm32g4xx_it.o
                0x08000c94                UsageFault_Handler
 .text.SVC_Handler
                0x08000c9c        0xe ./Core/Src/stm32g4xx_it.o
                0x08000c9c                SVC_Handler
 .text.DebugMon_Handler
                0x08000caa        0xe ./Core/Src/stm32g4xx_it.o
                0x08000caa                DebugMon_Handler
 .text.PendSV_Handler
                0x08000cb8        0xe ./Core/Src/stm32g4xx_it.o
                0x08000cb8                PendSV_Handler
 .text.SysTick_Handler
                0x08000cc6        0xc ./Core/Src/stm32g4xx_it.o
                0x08000cc6                SysTick_Handler
 *fill*         0x08000cd2        0x2 
 .text.DMA1_Channel1_IRQHandler
                0x08000cd4       0x14 ./Core/Src/stm32g4xx_it.o
                0x08000cd4                DMA1_Channel1_IRQHandler
 .text.DMA1_Channel2_IRQHandler
                0x08000ce8       0x14 ./Core/Src/stm32g4xx_it.o
                0x08000ce8                DMA1_Channel2_IRQHandler
 .text.DMA1_Channel3_IRQHandler
                0x08000cfc       0x14 ./Core/Src/stm32g4xx_it.o
                0x08000cfc                DMA1_Channel3_IRQHandler
 .text.DMA1_Channel4_IRQHandler
                0x08000d10       0x14 ./Core/Src/stm32g4xx_it.o
                0x08000d10                DMA1_Channel4_IRQHandler
 .text.FDCAN1_IT0_IRQHandler
                0x08000d24       0x14 ./Core/Src/stm32g4xx_it.o
                0x08000d24                FDCAN1_IT0_IRQHandler
 .text.FDCAN1_IT1_IRQHandler
                0x08000d38       0x14 ./Core/Src/stm32g4xx_it.o
                0x08000d38                FDCAN1_IT1_IRQHandler
 .text.SystemInit
                0x08000d4c       0x24 ./Core/Src/system_stm32g4xx.o
                0x08000d4c                SystemInit
 .text.Reset_Handler
                0x08000d70       0x50 ./Core/Startup/startup_stm32g431cbux.o
                0x08000d70                Reset_Handler
 .text.Default_Handler
                0x08000dc0        0x2 ./Core/Startup/startup_stm32g431cbux.o
                0x08000dc0                TIM1_BRK_TIM15_IRQHandler
                0x08000dc0                EXTI2_IRQHandler
                0x08000dc0                TIM8_TRG_COM_IRQHandler
                0x08000dc0                TIM8_CC_IRQHandler
                0x08000dc0                TIM1_CC_IRQHandler
                0x08000dc0                USB_HP_IRQHandler
                0x08000dc0                CORDIC_IRQHandler
                0x08000dc0                EXTI3_IRQHandler
                0x08000dc0                I2C3_ER_IRQHandler
                0x08000dc0                EXTI0_IRQHandler
                0x08000dc0                I2C2_EV_IRQHandler
                0x08000dc0                FPU_IRQHandler
                0x08000dc0                TIM1_UP_TIM16_IRQHandler
                0x08000dc0                ADC1_2_IRQHandler
                0x08000dc0                SPI1_IRQHandler
                0x08000dc0                TIM6_DAC_IRQHandler
                0x08000dc0                TIM8_UP_IRQHandler
                0x08000dc0                DMA2_Channel2_IRQHandler
                0x08000dc0                USART3_IRQHandler
                0x08000dc0                TIM4_IRQHandler
                0x08000dc0                DMA2_Channel1_IRQHandler
                0x08000dc0                I2C1_EV_IRQHandler
                0x08000dc0                DMA1_Channel6_IRQHandler
                0x08000dc0                UART4_IRQHandler
                0x08000dc0                DMA2_Channel4_IRQHandler
                0x08000dc0                TIM3_IRQHandler
                0x08000dc0                RCC_IRQHandler
                0x08000dc0                Default_Handler
                0x08000dc0                RTC_TAMP_LSECSS_IRQHandler
                0x08000dc0                FMAC_IRQHandler
                0x08000dc0                EXTI15_10_IRQHandler
                0x08000dc0                TIM7_IRQHandler
                0x08000dc0                UCPD1_IRQHandler
                0x08000dc0                I2C3_EV_IRQHandler
                0x08000dc0                EXTI9_5_IRQHandler
                0x08000dc0                RTC_WKUP_IRQHandler
                0x08000dc0                PVD_PVM_IRQHandler
                0x08000dc0                SPI2_IRQHandler
                0x08000dc0                DMA2_Channel5_IRQHandler
                0x08000dc0                CRS_IRQHandler
                0x08000dc0                DMA1_Channel5_IRQHandler
                0x08000dc0                USB_LP_IRQHandler
                0x08000dc0                EXTI4_IRQHandler
                0x08000dc0                RNG_IRQHandler
                0x08000dc0                TIM1_TRG_COM_TIM17_IRQHandler
                0x08000dc0                WWDG_IRQHandler
                0x08000dc0                LPUART1_IRQHandler
                0x08000dc0                DMA2_Channel6_IRQHandler
                0x08000dc0                TIM2_IRQHandler
                0x08000dc0                COMP1_2_3_IRQHandler
                0x08000dc0                EXTI1_IRQHandler
                0x08000dc0                USART2_IRQHandler
                0x08000dc0                I2C2_ER_IRQHandler
                0x08000dc0                TIM8_BRK_IRQHandler
                0x08000dc0                FLASH_IRQHandler
                0x08000dc0                USART1_IRQHandler
                0x08000dc0                SPI3_IRQHandler
                0x08000dc0                I2C1_ER_IRQHandler
                0x08000dc0                LPTIM1_IRQHandler
                0x08000dc0                DMAMUX_OVR_IRQHandler
                0x08000dc0                USBWakeUp_IRQHandler
                0x08000dc0                SAI1_IRQHandler
                0x08000dc0                DMA2_Channel3_IRQHandler
                0x08000dc0                COMP4_IRQHandler
                0x08000dc0                RTC_Alarm_IRQHandler
 .text.HAL_Init
                0x08000dc2       0x30 ./Drivers/STM32G4xx_HAL_Driver/Src/stm32g4xx_hal.o
                0x08000dc2                HAL_Init
 *fill*         0x08000df2        0x2 
 .text.HAL_InitTick
                0x08000df4       0x74 ./Drivers/STM32G4xx_HAL_Driver/Src/stm32g4xx_hal.o
                0x08000df4                HAL_InitTick
 .text.HAL_IncTick
                0x08000e68       0x24 ./Drivers/STM32G4xx_HAL_Driver/Src/stm32g4xx_hal.o
                0x08000e68                HAL_IncTick
 .text.HAL_GetTick
                0x08000e8c       0x18 ./Drivers/STM32G4xx_HAL_Driver/Src/stm32g4xx_hal.o
                0x08000e8c                HAL_GetTick
 .text.HAL_Delay
                0x08000ea4       0x44 ./Drivers/STM32G4xx_HAL_Driver/Src/stm32g4xx_hal.o
                0x08000ea4                HAL_Delay
 .text.__NVIC_SetPriorityGrouping
                0x08000ee8       0x48 ./Drivers/STM32G4xx_HAL_Driver/Src/stm32g4xx_hal_cortex.o
 .text.__NVIC_GetPriorityGrouping
                0x08000f30       0x1c ./Drivers/STM32G4xx_HAL_Driver/Src/stm32g4xx_hal_cortex.o
 .text.__NVIC_EnableIRQ
                0x08000f4c       0x3c ./Drivers/STM32G4xx_HAL_Driver/Src/stm32g4xx_hal_cortex.o
 .text.__NVIC_SetPriority
                0x08000f88       0x54 ./Drivers/STM32G4xx_HAL_Driver/Src/stm32g4xx_hal_cortex.o
 .text.NVIC_EncodePriority
                0x08000fdc       0x66 ./Drivers/STM32G4xx_HAL_Driver/Src/stm32g4xx_hal_cortex.o
 *fill*         0x08001042        0x2 
 .text.SysTick_Config
                0x08001044       0x44 ./Drivers/STM32G4xx_HAL_Driver/Src/stm32g4xx_hal_cortex.o
 .text.HAL_NVIC_SetPriorityGrouping
                0x08001088       0x16 ./Drivers/STM32G4xx_HAL_Driver/Src/stm32g4xx_hal_cortex.o
                0x08001088                HAL_NVIC_SetPriorityGrouping
 .text.HAL_NVIC_SetPriority
                0x0800109e       0x34 ./Drivers/STM32G4xx_HAL_Driver/Src/stm32g4xx_hal_cortex.o
                0x0800109e                HAL_NVIC_SetPriority
 .text.HAL_NVIC_EnableIRQ
                0x080010d2       0x1c ./Drivers/STM32G4xx_HAL_Driver/Src/stm32g4xx_hal_cortex.o
                0x080010d2                HAL_NVIC_EnableIRQ
 .text.HAL_SYSTICK_Config
                0x080010ee       0x18 ./Drivers/STM32G4xx_HAL_Driver/Src/stm32g4xx_hal_cortex.o
                0x080010ee                HAL_SYSTICK_Config
 *fill*         0x08001106        0x2 
 .text.HAL_DMA_Init
                0x08001108      0x150 ./Drivers/STM32G4xx_HAL_Driver/Src/stm32g4xx_hal_dma.o
                0x08001108                HAL_DMA_Init
 .text.HAL_DMA_Start_IT
                0x08001258       0xf6 ./Drivers/STM32G4xx_HAL_Driver/Src/stm32g4xx_hal_dma.o
                0x08001258                HAL_DMA_Start_IT
 .text.HAL_DMA_Abort_IT
                0x0800134e       0xce ./Drivers/STM32G4xx_HAL_Driver/Src/stm32g4xx_hal_dma.o
                0x0800134e                HAL_DMA_Abort_IT
 .text.HAL_DMA_IRQHandler
                0x0800141c      0x15e ./Drivers/STM32G4xx_HAL_Driver/Src/stm32g4xx_hal_dma.o
                0x0800141c                HAL_DMA_IRQHandler
 .text.DMA_SetConfig
                0x0800157a       0x7c ./Drivers/STM32G4xx_HAL_Driver/Src/stm32g4xx_hal_dma.o
 *fill*         0x080015f6        0x2 
 .text.DMA_CalcDMAMUXChannelBaseAndMask
                0x080015f8       0x7c ./Drivers/STM32G4xx_HAL_Driver/Src/stm32g4xx_hal_dma.o
 .text.DMA_CalcDMAMUXRequestGenBaseAndMask
                0x08001674       0x48 ./Drivers/STM32G4xx_HAL_Driver/Src/stm32g4xx_hal_dma.o
 .text.HAL_FDCAN_Init
                0x080016bc      0x2b4 ./Drivers/STM32G4xx_HAL_Driver/Src/stm32g4xx_hal_fdcan.o
                0x080016bc                HAL_FDCAN_Init
 .text.HAL_FDCAN_IRQHandler
                0x08001970      0x266 ./Drivers/STM32G4xx_HAL_Driver/Src/stm32g4xx_hal_fdcan.o
                0x08001970                HAL_FDCAN_IRQHandler
 .text.HAL_FDCAN_TxEventFifoCallback
                0x08001bd6       0x16 ./Drivers/STM32G4xx_HAL_Driver/Src/stm32g4xx_hal_fdcan.o
                0x08001bd6                HAL_FDCAN_TxEventFifoCallback
 .text.HAL_FDCAN_RxFifo0Callback
                0x08001bec       0x16 ./Drivers/STM32G4xx_HAL_Driver/Src/stm32g4xx_hal_fdcan.o
                0x08001bec                HAL_FDCAN_RxFifo0Callback
 .text.HAL_FDCAN_RxFifo1Callback
                0x08001c02       0x16 ./Drivers/STM32G4xx_HAL_Driver/Src/stm32g4xx_hal_fdcan.o
                0x08001c02                HAL_FDCAN_RxFifo1Callback
 .text.HAL_FDCAN_TxFifoEmptyCallback
                0x08001c18       0x14 ./Drivers/STM32G4xx_HAL_Driver/Src/stm32g4xx_hal_fdcan.o
                0x08001c18                HAL_FDCAN_TxFifoEmptyCallback
 .text.HAL_FDCAN_TxBufferCompleteCallback
                0x08001c2c       0x16 ./Drivers/STM32G4xx_HAL_Driver/Src/stm32g4xx_hal_fdcan.o
                0x08001c2c                HAL_FDCAN_TxBufferCompleteCallback
 .text.HAL_FDCAN_TxBufferAbortCallback
                0x08001c42       0x16 ./Drivers/STM32G4xx_HAL_Driver/Src/stm32g4xx_hal_fdcan.o
                0x08001c42                HAL_FDCAN_TxBufferAbortCallback
 .text.HAL_FDCAN_TimestampWraparoundCallback
                0x08001c58       0x14 ./Drivers/STM32G4xx_HAL_Driver/Src/stm32g4xx_hal_fdcan.o
                0x08001c58                HAL_FDCAN_TimestampWraparoundCallback
 .text.HAL_FDCAN_TimeoutOccurredCallback
                0x08001c6c       0x14 ./Drivers/STM32G4xx_HAL_Driver/Src/stm32g4xx_hal_fdcan.o
                0x08001c6c                HAL_FDCAN_TimeoutOccurredCallback
 .text.HAL_FDCAN_HighPriorityMessageCallback
                0x08001c80       0x14 ./Drivers/STM32G4xx_HAL_Driver/Src/stm32g4xx_hal_fdcan.o
                0x08001c80                HAL_FDCAN_HighPriorityMessageCallback
 .text.HAL_FDCAN_ErrorCallback
                0x08001c94       0x14 ./Drivers/STM32G4xx_HAL_Driver/Src/stm32g4xx_hal_fdcan.o
                0x08001c94                HAL_FDCAN_ErrorCallback
 .text.HAL_FDCAN_ErrorStatusCallback
                0x08001ca8       0x16 ./Drivers/STM32G4xx_HAL_Driver/Src/stm32g4xx_hal_fdcan.o
                0x08001ca8                HAL_FDCAN_ErrorStatusCallback
 *fill*         0x08001cbe        0x2 
 .text.FDCAN_CalcultateRamBlockAddresses
                0x08001cc0       0xac ./Drivers/STM32G4xx_HAL_Driver/Src/stm32g4xx_hal_fdcan.o
 .text.HAL_GPIO_Init
                0x08001d6c      0x304 ./Drivers/STM32G4xx_HAL_Driver/Src/stm32g4xx_hal_gpio.o
                0x08001d6c                HAL_GPIO_Init
 .text.HAL_GPIO_WritePin
                0x08002070       0x30 ./Drivers/STM32G4xx_HAL_Driver/Src/stm32g4xx_hal_gpio.o
                0x08002070                HAL_GPIO_WritePin
 .text.HAL_PWREx_ControlVoltageScaling
                0x080020a0      0x148 ./Drivers/STM32G4xx_HAL_Driver/Src/stm32g4xx_hal_pwr_ex.o
                0x080020a0                HAL_PWREx_ControlVoltageScaling
 .text.HAL_PWREx_DisableUCPDDeadBattery
                0x080021e8       0x20 ./Drivers/STM32G4xx_HAL_Driver/Src/stm32g4xx_hal_pwr_ex.o
                0x080021e8                HAL_PWREx_DisableUCPDDeadBattery
 .text.HAL_RCC_OscConfig
                0x08002208      0x624 ./Drivers/STM32G4xx_HAL_Driver/Src/stm32g4xx_hal_rcc.o
                0x08002208                HAL_RCC_OscConfig
 .text.HAL_RCC_ClockConfig
                0x0800282c      0x278 ./Drivers/STM32G4xx_HAL_Driver/Src/stm32g4xx_hal_rcc.o
                0x0800282c                HAL_RCC_ClockConfig
 .text.HAL_RCC_GetSysClockFreq
                0x08002aa4       0xc4 ./Drivers/STM32G4xx_HAL_Driver/Src/stm32g4xx_hal_rcc.o
                0x08002aa4                HAL_RCC_GetSysClockFreq
 .text.RCC_GetSysClockFreqFromPLLSource
                0x08002b68       0x8c ./Drivers/STM32G4xx_HAL_Driver/Src/stm32g4xx_hal_rcc.o
 .text.HAL_RCCEx_PeriphCLKConfig
                0x08002bf4      0x3e0 ./Drivers/STM32G4xx_HAL_Driver/Src/stm32g4xx_hal_rcc_ex.o
                0x08002bf4                HAL_RCCEx_PeriphCLKConfig
 .text.HAL_TIM_Base_Init
                0x08002fd4       0xae ./Drivers/STM32G4xx_HAL_Driver/Src/stm32g4xx_hal_tim.o
                0x08002fd4                HAL_TIM_Base_Init
 .text.HAL_TIM_PWM_Init
                0x08003082       0xae ./Drivers/STM32G4xx_HAL_Driver/Src/stm32g4xx_hal_tim.o
                0x08003082                HAL_TIM_PWM_Init
 .text.HAL_TIM_PWM_MspInit
                0x08003130       0x14 ./Drivers/STM32G4xx_HAL_Driver/Src/stm32g4xx_hal_tim.o
                0x08003130                HAL_TIM_PWM_MspInit
 .text.HAL_TIM_PWM_Start_DMA
                0x08003144      0x430 ./Drivers/STM32G4xx_HAL_Driver/Src/stm32g4xx_hal_tim.o
                0x08003144                HAL_TIM_PWM_Start_DMA
 .text.HAL_TIM_PWM_Stop_DMA
                0x08003574      0x1f0 ./Drivers/STM32G4xx_HAL_Driver/Src/stm32g4xx_hal_tim.o
                0x08003574                HAL_TIM_PWM_Stop_DMA
 .text.HAL_TIM_PWM_ConfigChannel
                0x08003764      0x228 ./Drivers/STM32G4xx_HAL_Driver/Src/stm32g4xx_hal_tim.o
                0x08003764                HAL_TIM_PWM_ConfigChannel
 .text.HAL_TIM_ConfigClockSource
                0x0800398c      0x1f4 ./Drivers/STM32G4xx_HAL_Driver/Src/stm32g4xx_hal_tim.o
                0x0800398c                HAL_TIM_ConfigClockSource
 .text.HAL_TIM_PWM_PulseFinishedHalfCpltCallback
                0x08003b80       0x14 ./Drivers/STM32G4xx_HAL_Driver/Src/stm32g4xx_hal_tim.o
                0x08003b80                HAL_TIM_PWM_PulseFinishedHalfCpltCallback
 .text.HAL_TIM_ErrorCallback
                0x08003b94       0x14 ./Drivers/STM32G4xx_HAL_Driver/Src/stm32g4xx_hal_tim.o
                0x08003b94                HAL_TIM_ErrorCallback
 .text.TIM_DMAError
                0x08003ba8       0x92 ./Drivers/STM32G4xx_HAL_Driver/Src/stm32g4xx_hal_tim.o
                0x08003ba8                TIM_DMAError
 .text.TIM_DMADelayPulseCplt
                0x08003c3a       0xa8 ./Drivers/STM32G4xx_HAL_Driver/Src/stm32g4xx_hal_tim.o
 .text.TIM_DMADelayPulseHalfCplt
                0x08003ce2       0x68 ./Drivers/STM32G4xx_HAL_Driver/Src/stm32g4xx_hal_tim.o
                0x08003ce2                TIM_DMADelayPulseHalfCplt
 *fill*         0x08003d4a        0x2 
 .text.TIM_Base_SetConfig
                0x08003d4c      0x138 ./Drivers/STM32G4xx_HAL_Driver/Src/stm32g4xx_hal_tim.o
                0x08003d4c                TIM_Base_SetConfig
 .text.TIM_OC1_SetConfig
                0x08003e84      0x120 ./Drivers/STM32G4xx_HAL_Driver/Src/stm32g4xx_hal_tim.o
 .text.TIM_OC2_SetConfig
                0x08003fa4      0x114 ./Drivers/STM32G4xx_HAL_Driver/Src/stm32g4xx_hal_tim.o
                0x08003fa4                TIM_OC2_SetConfig
 .text.TIM_OC3_SetConfig
                0x080040b8      0x110 ./Drivers/STM32G4xx_HAL_Driver/Src/stm32g4xx_hal_tim.o
 .text.TIM_OC4_SetConfig
                0x080041c8      0x114 ./Drivers/STM32G4xx_HAL_Driver/Src/stm32g4xx_hal_tim.o
 .text.TIM_OC5_SetConfig
                0x080042dc       0xc8 ./Drivers/STM32G4xx_HAL_Driver/Src/stm32g4xx_hal_tim.o
 .text.TIM_OC6_SetConfig
                0x080043a4       0xcc ./Drivers/STM32G4xx_HAL_Driver/Src/stm32g4xx_hal_tim.o
 .text.TIM_TI1_ConfigInputStage
                0x08004470       0x5e ./Drivers/STM32G4xx_HAL_Driver/Src/stm32g4xx_hal_tim.o
 .text.TIM_TI2_ConfigInputStage
                0x080044ce       0x60 ./Drivers/STM32G4xx_HAL_Driver/Src/stm32g4xx_hal_tim.o
 .text.TIM_ITRx_SetConfig
                0x0800452e       0x3a ./Drivers/STM32G4xx_HAL_Driver/Src/stm32g4xx_hal_tim.o
 .text.TIM_ETR_SetConfig
                0x08004568       0x40 ./Drivers/STM32G4xx_HAL_Driver/Src/stm32g4xx_hal_tim.o
                0x08004568                TIM_ETR_SetConfig
 .text.TIM_CCxChannelCmd
                0x080045a8       0x4a ./Drivers/STM32G4xx_HAL_Driver/Src/stm32g4xx_hal_tim.o
                0x080045a8                TIM_CCxChannelCmd
 *fill*         0x080045f2        0x2 
 .text.HAL_TIMEx_MasterConfigSynchronization
                0x080045f4      0x104 ./Drivers/STM32G4xx_HAL_Driver/Src/stm32g4xx_hal_tim_ex.o
                0x080045f4                HAL_TIMEx_MasterConfigSynchronization
 .text.HAL_TIMEx_ConfigBreakDeadTime
                0x080046f8      0x118 ./Drivers/STM32G4xx_HAL_Driver/Src/stm32g4xx_hal_tim_ex.o
                0x080046f8                HAL_TIMEx_ConfigBreakDeadTime
 .text.clamp01f
                0x08004810       0x4a ./Lightning/driver.o
 .text.ws_effective_brightness
                0x0800485a       0x34 ./Lightning/driver.o
 *fill*         0x0800488e        0x2 
 .text.channel_to_active_flag
                0x08004890       0x68 ./Lightning/driver.o
 .text.pack_into
                0x080048f8      0x19c ./Lightning/driver.o
 .text.ws_init  0x08004a94       0xc8 ./Lightning/driver.o
                0x08004a94                ws_init
 .text.ws_set_global_brightness
                0x08004b5c       0x2e ./Lightning/driver.o
                0x08004b5c                ws_set_global_brightness
 .text.ws_render
                0x08004b8a       0x92 ./Lightning/driver.o
                0x08004b8a                ws_render
 .text.ws_dma_tc_isr
                0x08004c1c       0xa8 ./Lightning/driver.o
                0x08004c1c                ws_dma_tc_isr
 .text.ws_power_set
                0x08004cc4       0x40 ./Lightning/driver.o
                0x08004cc4                ws_power_set
 .text.ws_set_pixel_rgb
                0x08004d04       0x58 ./Lightning/effects.o
 .text.clamp01f
                0x08004d5c       0x4a ./Lightning/effects.o
 .text.set_grb  0x08004da6       0x52 ./Lightning/effects.o
 .text.fx_solid_gradient
                0x08004df8       0xa0 ./Lightning/effects.o
 .text.fx_gradient_flow
                0x08004e98      0x13c ./Lightning/effects.o
 .text.fx_soft_breathe
                0x08004fd4      0x1b0 ./Lightning/effects.o
 .text.fx_dual_zone
                0x08005184       0xe8 ./Lightning/effects.o
 .text.fx_twin_wave
                0x0800526c      0x214 ./Lightning/effects.o
 .text.fx_mb_ocean_flow
                0x08005480      0x3a0 ./Lightning/effects.o
 .text.fx_mb_two_tone_wave
                0x08005820       0x22 ./Lightning/effects.o
 *fill*         0x08005842        0x2 
 .text.fx_mb_energize_pulse
                0x08005844      0x1a8 ./Lightning/effects.o
 .text.fx_welcome_sweep
                0x080059ec      0x19c ./Lightning/effects.o
 .text.fx_welcome
                0x08005b88      0x3d4 ./Lightning/effects.o
                0x08005b88                fx_welcome
 .text.fx_goodbye
                0x08005f5c      0x21c ./Lightning/effects.o
                0x08005f5c                fx_goodbye
 .text.fx_goodbye_fade
                0x08006178      0x132 ./Lightning/effects.o
 .text.ws_oneshot_start
                0x080062aa       0x64 ./Lightning/effects.o
                0x080062aa                ws_oneshot_start
 *fill*         0x0800630e        0x2 
 .text.ws_oneshot_tick
                0x08006310      0x12c ./Lightning/effects.o
                0x08006310                ws_oneshot_tick
 .text.ws_fx_apply
                0x0800643c       0xc8 ./Lightning/effects.o
                0x0800643c                ws_fx_apply
 .text.frame_clear
                0x08006504       0x38 ./Lightning/frame_utils.o
                0x08006504                frame_clear
 .text.ws_palette_get
                0x0800653c       0x2c ./Lightning/palette.o
                0x0800653c                ws_palette_get
 .text.ws_palette_sample_rgb8
                0x08006568      0x458 ./Lightning/palette.o
                0x08006568                ws_palette_sample_rgb8
 .text.ws_theme_get
                0x080069c0       0x34 ./Lightning/presets.o
                0x080069c0                ws_theme_get
 .text.ws_theme_get_bank
                0x080069f4       0x44 ./Lightning/presets.o
                0x080069f4                ws_theme_get_bank
 .text.ws_theme_bank_next
                0x08006a38       0x7e ./Lightning/presets.o
                0x08006a38                ws_theme_bank_next
 .text.ws_theme_default_for_oem
                0x08006ab6       0x3c ./Lightning/presets.o
                0x08006ab6                ws_theme_default_for_oem
 .text.clamp01f
                0x08006af2       0x4a ./Lightning/scene_player.o
 .text.player_init
                0x08006b3c       0x78 ./Lightning/scene_player.o
                0x08006b3c                player_init
 .text.player_start_theme
                0x08006bb4       0x72 ./Lightning/scene_player.o
                0x08006bb4                player_start_theme
 .text.player_start_intro
                0x08006c26       0x92 ./Lightning/scene_player.o
                0x08006c26                player_start_intro
 .text.player_tick
                0x08006cb8      0x138 ./Lightning/scene_player.o
                0x08006cb8                player_tick
 .text.ws_set_pixel_rgb
                0x08006df0       0x58 ./Lightning/zones.o
 .text.clamp01f
                0x08006e48       0x4a ./Lightning/zones.o
 .text.led_index3
                0x08006e92       0x1e ./Lightning/zones.o
 .text.apply_zone_fx
                0x08006eb0      0x51c ./Lightning/zones.o
 .text.zones_apply_scene
                0x080073cc       0x58 ./Lightning/zones.o
                0x080073cc                zones_apply_scene
 .text.zones_apply_intro
                0x08007424      0x394 ./Lightning/zones.o
                0x08007424                zones_apply_intro
 .text.zones_apply_outro
                0x080077b8      0x23c ./Lightning/zones.o
                0x080077b8                zones_apply_outro
 .text.memset   0x080079f4       0x10 /Applications/STM32CubeIDE.app/Contents/Eclipse/plugins/com.st.stm32cube.ide.mcu.externaltools.gnu-tools-for-stm32.13.3.rel1.macos64_1.0.100.202509120712/tools/bin/../lib/gcc/arm-none-eabi/13.3.1/../../../../arm-none-eabi/lib/thumb/v7e-m+fp/hard/libc_nano.a(libc_a-memset.o)
                0x080079f4                memset
 .text.__errno  0x08007a04        0xc /Applications/STM32CubeIDE.app/Contents/Eclipse/plugins/com.st.stm32cube.ide.mcu.externaltools.gnu-tools-for-stm32.13.3.rel1.macos64_1.0.100.202509120712/tools/bin/../lib/gcc/arm-none-eabi/13.3.1/../../../../arm-none-eabi/lib/thumb/v7e-m+fp/hard/libc_nano.a(libc_a-errno.o)
                0x08007a04                __errno
 .text.__libc_init_array
                0x08007a10       0x48 /Applications/STM32CubeIDE.app/Contents/Eclipse/plugins/com.st.stm32cube.ide.mcu.externaltools.gnu-tools-for-stm32.13.3.rel1.macos64_1.0.100.202509120712/tools/bin/../lib/gcc/arm-none-eabi/13.3.1/../../../../arm-none-eabi/lib/thumb/v7e-m+fp/hard/libc_nano.a(libc_a-init.o)
                0x08007a10                __libc_init_array
 .text.expf     0x08007a58       0x6c /Applications/STM32CubeIDE.app/Contents/Eclipse/plugins/com.st.stm32cube.ide.mcu.externaltools.gnu-tools-for-stm32.13.3.rel1.macos64_1.0.100.202509120712/tools/bin/../lib/gcc/arm-none-eabi/13.3.1/../../../../arm-none-eabi/lib/thumb/v7e-m+fp/hard/libm.a(libm_a-wf_exp.o)
                0x08007a58                expf
 .text.powf     0x08007ac4       0xae /Applications/STM32CubeIDE.app/Contents/Eclipse/plugins/com.st.stm32cube.ide.mcu.externaltools.gnu-tools-for-stm32.13.3.rel1.macos64_1.0.100.202509120712/tools/bin/../lib/gcc/arm-none-eabi/13.3.1/../../../../arm-none-eabi/lib/thumb/v7e-m+fp/hard/libm.a(libm_a-wf_pow.o)
                0x08007ac4                powf
 .text.finitef  0x08007b72       0x14 /Applications/STM32CubeIDE.app/Contents/Eclipse/plugins/com.st.stm32cube.ide.mcu.externaltools.gnu-tools-for-stm32.13.3.rel1.macos64_1.0.100.202509120712/tools/bin/../lib/gcc/arm-none-eabi/13.3.1/../../../../arm-none-eabi/lib/thumb/v7e-m+fp/hard/libm.a(libm_a-sf_finite.o)
                0x08007b72                finitef
 *fill*         0x08007b86        0x2 
 .text.sinf     0x08007b88       0x8c /Applications/STM32CubeIDE.app/Contents/Eclipse/plugins/com.st.stm32cube.ide.mcu.externaltools.gnu-tools-for-stm32.13.3.rel1.macos64_1.0.100.202509120712/tools/bin/../lib/gcc/arm-none-eabi/13.3.1/../../../../arm-none-eabi/lib/thumb/v7e-m+fp/hard/libm.a(libm_a-sf_sin.o)
                0x08007b88                sinf
 .text.__kernel_cosf
                0x08007c14       0xb0 /Applications/STM32CubeIDE.app/Contents/Eclipse/plugins/com.st.stm32cube.ide.mcu.externaltools.gnu-tools-for-stm32.13.3.rel1.macos64_1.0.100.202509120712/tools/bin/../lib/gcc/arm-none-eabi/13.3.1/../../../../arm-none-eabi/lib/thumb/v7e-m+fp/hard/libm.a(libm_a-kf_cos.o)
                0x08007c14                __kernel_cosf
 .text.__kernel_sinf
                0x08007cc4       0x90 /Applications/STM32CubeIDE.app/Contents/Eclipse/plugins/com.st.stm32cube.ide.mcu.externaltools.gnu-tools-for-stm32.13.3.rel1.macos64_1.0.100.202509120712/tools/bin/../lib/gcc/arm-none-eabi/13.3.1/../../../../arm-none-eabi/lib/thumb/v7e-m+fp/hard/libm.a(libm_a-kf_sin.o)
                0x08007cc4                __kernel_sinf
 .text.__ieee754_expf
                0x08007d54      0x19c /Applications/STM32CubeIDE.app/Contents/Eclipse/plugins/com.st.stm32cube.ide.mcu.externaltools.gnu-tools-for-stm32.13.3.rel1.macos64_1.0.100.202509120712/tools/bin/../lib/gcc/arm-none-eabi/13.3.1/../../../../arm-none-eabi/lib/thumb/v7e-m+fp/hard/libm.a(libm_a-ef_exp.o)
                0x08007d54                __ieee754_expf
 .text.__ieee754_powf
                0x08007ef0      0x59c /Applications/STM32CubeIDE.app/Contents/Eclipse/plugins/com.st.stm32cube.ide.mcu.externaltools.gnu-tools-for-stm32.13.3.rel1.macos64_1.0.100.202509120712/tools/bin/../lib/gcc/arm-none-eabi/13.3.1/../../../../arm-none-eabi/lib/thumb/v7e-m+fp/hard/libm.a(libm_a-ef_pow.o)
                0x08007ef0                __ieee754_powf
 .text.floorf   0x0800848c       0x88 /Applications/STM32CubeIDE.app/Contents/Eclipse/plugins/com.st.stm32cube.ide.mcu.externaltools.gnu-tools-for-stm32.13.3.rel1.macos64_1.0.100.202509120712/tools/bin/../lib/gcc/arm-none-eabi/13.3.1/../../../../arm-none-eabi/lib/thumb/v7e-m+fp/hard/libm.a(libm_a-sf_floor.o)
                0x0800848c                floorf
 .text.__ieee754_rem_pio2f
                0x08008514      0x260 /Applications/STM32CubeIDE.app/Contents/Eclipse/plugins/com.st.stm32cube.ide.mcu.externaltools.gnu-tools-for-stm32.13.3.rel1.macos64_1.0.100.202509120712/tools/bin/../lib/gcc/arm-none-eabi/13.3.1/../../../../arm-none-eabi/lib/thumb/v7e-m+fp/hard/libm.a(libm_a-ef_rem_pio2.o)
                0x08008514                __ieee754_rem_pio2f
 .text.with_errnof
                0x08008774       0x1c /Applications/STM32CubeIDE.app/Contents/Eclipse/plugins/com.st.stm32cube.ide.mcu.externaltools.gnu-tools-for-stm32.13.3.rel1.macos64_1.0.100.202509120712/tools/bin/../lib/gcc/arm-none-eabi/13.3.1/../../../../arm-none-eabi/lib/thumb/v7e-m+fp/hard/libm.a(libm_a-math_errf.o)
 .text.xflowf   0x08008790       0x16 /Applications/STM32CubeIDE.app/Contents/Eclipse/plugins/com.st.stm32cube.ide.mcu.externaltools.gnu-tools-for-stm32.13.3.rel1.macos64_1.0.100.202509120712/tools/bin/../lib/gcc/arm-none-eabi/13.3.1/../../../../arm-none-eabi/lib/thumb/v7e-m+fp/hard/libm.a(libm_a-math_errf.o)
 *fill*         0x080087a6        0x2 
 .text.__math_uflowf
                0x080087a8        0xc /Applications/STM32CubeIDE.app/Contents/Eclipse/plugins/com.st.stm32cube.ide.mcu.externaltools.gnu-tools-for-stm32.13.3.rel1.macos64_1.0.100.202509120712/tools/bin/../lib/gcc/arm-none-eabi/13.3.1/../../../../arm-none-eabi/lib/thumb/v7e-m+fp/hard/libm.a(libm_a-math_errf.o)
                0x080087a8                __math_uflowf
 .text.__math_oflowf
                0x080087b4        0xc /Applications/STM32CubeIDE.app/Contents/Eclipse/plugins/com.st.stm32cube.ide.mcu.externaltools.gnu-tools-for-stm32.13.3.rel1.macos64_1.0.100.202509120712/tools/bin/../lib/gcc/arm-none-eabi/13.3.1/../../../../arm-none-eabi/lib/thumb/v7e-m+fp/hard/libm.a(libm_a-math_errf.o)
                0x080087b4                __math_oflowf
 .text.scalbnf  0x080087c0       0xcc /Applications/STM32CubeIDE.app/Contents/Eclipse/plugins/com.st.stm32cube.ide.mcu.externaltools.gnu-tools-for-stm32.13.3.rel1.macos64_1.0.100.202509120712/tools/bin/../lib/gcc/arm-none-eabi/13.3.1/../../../../arm-none-eabi/lib/thumb/v7e-m+fp/hard/libm.a(libm_a-sf_scalbn.o)
                0x080087c0                scalbnf
 .text.fabsf    0x0800888c        0xe /Applications/STM32CubeIDE.app/Contents/Eclipse/plugins/com.st.stm32cube.ide.mcu.externaltools.gnu-tools-for-stm32.13.3.rel1.macos64_1.0.100.202509120712/tools/bin/../lib/gcc/arm-none-eabi/13.3.1/../../../../arm-none-eabi/lib/thumb/v7e-m+fp/hard/libm.a(libm_a-sf_fabs.o)
                0x0800888c                fabsf
 *fill*         0x0800889a        0x2 
 .text.__kernel_rem_pio2f
                0x0800889c      0x4d0 /Applications/STM32CubeIDE.app/Contents/Eclipse/plugins/com.st.stm32cube.ide.mcu.externaltools.gnu-tools-for-stm32.13.3.rel1.macos64_1.0.100.202509120712/tools/bin/../lib/gcc/arm-none-eabi/13.3.1/../../../../arm-none-eabi/lib/thumb/v7e-m+fp/hard/libm.a(libm_a-kf_rem_pio2.o)
                0x0800889c                __kernel_rem_pio2f
 .text.__ieee754_sqrtf
                0x08008d6c        0x6 /Applications/STM32CubeIDE.app/Contents/Eclipse/plugins/com.st.stm32cube.ide.mcu.externaltools.gnu-tools-for-stm32.13.3.rel1.macos64_1.0.100.202509120712/tools/bin/../lib/gcc/arm-none-eabi/13.3.1/../../../../arm-none-eabi/lib/thumb/v7e-m+fp/hard/libm.a(libm_a-ef_sqrt.o)
                0x08008d6c                __ieee754_sqrtf
 *(.glue_7)
 .glue_7        0x08008d72        0x0 linker stubs
 *(.glue_7t)
 .glue_7t       0x08008d72        0x0 linker stubs
 *(.eh_frame)
 *fill*         0x08008d72        0x2 
 .eh_frame      0x08008d74        0x0 /Applications/STM32CubeIDE.app/Contents/Eclipse/plugins/com.st.stm32cube.ide.mcu.externaltools.gnu-tools-for-stm32.13.3.rel1.macos64_1.0.100.202509120712/tools/bin/../lib/gcc/arm-none-eabi/13.3.1/thumb/v7e-m+fp/hard/crtbegin.o
 *(.init)
 .init          0x08008d74        0x4 /Applications/STM32CubeIDE.app/Contents/Eclipse/plugins/com.st.stm32cube.ide.mcu.externaltools.gnu-tools-for-stm32.13.3.rel1.macos64_1.0.100.202509120712/tools/bin/../lib/gcc/arm-none-eabi/13.3.1/thumb/v7e-m+fp/hard/crti.o
                0x08008d74                _init
 .init          0x08008d78        0x8 /Applications/STM32CubeIDE.app/Contents/Eclipse/plugins/com.st.stm32cube.ide.mcu.externaltools.gnu-tools-for-stm32.13.3.rel1.macos64_1.0.100.202509120712/tools/bin/../lib/gcc/arm-none-eabi/13.3.1/thumb/v7e-m+fp/hard/crtn.o
 *(.fini)
 .fini          0x08008d80        0x4 /Applications/STM32CubeIDE.app/Contents/Eclipse/plugins/com.st.stm32cube.ide.mcu.externaltools.gnu-tools-for-stm32.13.3.rel1.macos64_1.0.100.202509120712/tools/bin/../lib/gcc/arm-none-eabi/13.3.1/thumb/v7e-m+fp/hard/crti.o
                0x08008d80                _fini
 .fini          0x08008d84        0x8 /Applications/STM32CubeIDE.app/Contents/Eclipse/plugins/com.st.stm32cube.ide.mcu.externaltools.gnu-tools-for-stm32.13.3.rel1.macos64_1.0.100.202509120712/tools/bin/../lib/gcc/arm-none-eabi/13.3.1/thumb/v7e-m+fp/hard/crtn.o
                0x08008d8c                        . = ALIGN (0x4)
                0x08008d8c                        _etext = .

.vfp11_veneer   0x08008d8c        0x0
 .vfp11_veneer  0x08008d8c        0x0 linker stubs

.v4_bx          0x08008d8c        0x0
 .v4_bx         0x08008d8c        0x0 linker stubs

.iplt           0x08008d8c        0x0
 .iplt          0x08008d8c        0x0 /Applications/STM32CubeIDE.app/Contents/Eclipse/plugins/com.st.stm32cube.ide.mcu.externaltools.gnu-tools-for-stm32.13.3.rel1.macos64_1.0.100.202509120712/tools/bin/../lib/gcc/arm-none-eabi/13.3.1/thumb/v7e-m+fp/hard/crtbegin.o

.rodata         0x08008d8c      0xa10
                0x08008d8c                        . = ALIGN (0x4)
 *(.rodata)
 *(.rodata*)
 .rodata.g_zone_map
                0x08008d8c       0x20 ./Boards/board_door_fl.o
                0x08008d8c                g_zone_map
 .rodata.AHBPrescTable
                0x08008dac       0x10 ./Core/Src/system_stm32g4xx.o
                0x08008dac                AHBPrescTable
 .rodata.PAL_SUNSET_AMBER
                0x08008dbc       0x18 ./Lightning/palette.o
 .rodata.PAL_OCEAN_BLUE
                0x08008dd4       0x18 ./Lightning/palette.o
 .rodata.PAL_RED_MOON
                0x08008dec       0x18 ./Lightning/palette.o
 .rodata.PAL_PURPLE_SILK
                0x08008e04       0x18 ./Lightning/palette.o
 .rodata.PAL_GLACIER
                0x08008e1c       0x18 ./Lightning/palette.o
 .rodata.PAL_ENERGIZE
                0x08008e34       0x28 ./Lightning/palette.o
 .rodata.PAL_POLAR_WHITE
                0x08008e5c       0x10 ./Lightning/palette.o
 .rodata.PAL_NIGHT_BLUE
                0x08008e6c       0x20 ./Lightning/palette.o
 .rodata.PAL_HYACINTH
                0x08008e8c       0x20 ./Lightning/palette.o
 .rodata.PAL_COPPER_GOLD
                0x08008eac       0x20 ./Lightning/palette.o
 .rodata.PAL_ROSE
                0x08008ecc       0x20 ./Lightning/palette.o
 .rodata.G_PALS
                0x08008eec       0x58 ./Lightning/palette.o
 .rodata.G_THEMES
                0x08008f44      0x428 ./Lightning/presets.o
 .rodata.G_AMBER_THEMES
                0x0800936c        0x7 ./Lightning/presets.o
 *fill*         0x08009373        0x1 
 .rodata.G_BLUE_THEMES
                0x08009374        0x6 ./Lightning/presets.o
 *fill*         0x0800937a        0x2 
 .rodata.G_WHITE_THEMES
                0x0800937c        0x6 ./Lightning/presets.o
 *fill*         0x08009382        0x2 
 .rodata.g_theme_banks
                0x08009384       0x18 ./Lightning/presets.o
                0x08009384                g_theme_banks
 .rodata.ln2LO  0x0800939c        0x8 /Applications/STM32CubeIDE.app/Contents/Eclipse/plugins/com.st.stm32cube.ide.mcu.externaltools.gnu-tools-for-stm32.13.3.rel1.macos64_1.0.100.202509120712/tools/bin/../lib/gcc/arm-none-eabi/13.3.1/../../../../arm-none-eabi/lib/thumb/v7e-m+fp/hard/libm.a(libm_a-ef_exp.o)
 .rodata.ln2HI  0x080093a4        0x8 /Applications/STM32CubeIDE.app/Contents/Eclipse/plugins/com.st.stm32cube.ide.mcu.externaltools.gnu-tools-for-stm32.13.3.rel1.macos64_1.0.100.202509120712/tools/bin/../lib/gcc/arm-none-eabi/13.3.1/../../../../arm-none-eabi/lib/thumb/v7e-m+fp/hard/libm.a(libm_a-ef_exp.o)
 .rodata.halF   0x080093ac        0x8 /Applications/STM32CubeIDE.app/Contents/Eclipse/plugins/com.st.stm32cube.ide.mcu.externaltools.gnu-tools-for-stm32.13.3.rel1.macos64_1.0.100.202509120712/tools/bin/../lib/gcc/arm-none-eabi/13.3.1/../../../../arm-none-eabi/lib/thumb/v7e-m+fp/hard/libm.a(libm_a-ef_exp.o)
 .rodata.dp_l   0x080093b4        0x8 /Applications/STM32CubeIDE.app/Contents/Eclipse/plugins/com.st.stm32cube.ide.mcu.externaltools.gnu-tools-for-stm32.13.3.rel1.macos64_1.0.100.202509120712/tools/bin/../lib/gcc/arm-none-eabi/13.3.1/../../../../arm-none-eabi/lib/thumb/v7e-m+fp/hard/libm.a(libm_a-ef_pow.o)
 .rodata.dp_h   0x080093bc        0x8 /Applications/STM32CubeIDE.app/Contents/Eclipse/plugins/com.st.stm32cube.ide.mcu.externaltools.gnu-tools-for-stm32.13.3.rel1.macos64_1.0.100.202509120712/tools/bin/../lib/gcc/arm-none-eabi/13.3.1/../../../../arm-none-eabi/lib/thumb/v7e-m+fp/hard/libm.a(libm_a-ef_pow.o)
 .rodata.bp     0x080093c4        0x8 /Applications/STM32CubeIDE.app/Contents/Eclipse/plugins/com.st.stm32cube.ide.mcu.externaltools.gnu-tools-for-stm32.13.3.rel1.macos64_1.0.100.202509120712/tools/bin/../lib/gcc/arm-none-eabi/13.3.1/../../../../arm-none-eabi/lib/thumb/v7e-m+fp/hard/libm.a(libm_a-ef_pow.o)
 .rodata.npio2_hw
                0x080093cc       0x80 /Applications/STM32CubeIDE.app/Contents/Eclipse/plugins/com.st.stm32cube.ide.mcu.externaltools.gnu-tools-for-stm32.13.3.rel1.macos64_1.0.100.202509120712/tools/bin/../lib/gcc/arm-none-eabi/13.3.1/../../../../arm-none-eabi/lib/thumb/v7e-m+fp/hard/libm.a(libm_a-ef_rem_pio2.o)
 .rodata.two_over_pi
                0x0800944c      0x318 /Applications/STM32CubeIDE.app/Contents/Eclipse/plugins/com.st.stm32cube.ide.mcu.externaltools.gnu-tools-for-stm32.13.3.rel1.macos64_1.0.100.202509120712/tools/bin/../lib/gcc/arm-none-eabi/13.3.1/../../../../arm-none-eabi/lib/thumb/v7e-m+fp/hard/libm.a(libm_a-ef_rem_pio2.o)
 .rodata.PIo2   0x08009764       0x2c /Applications/STM32CubeIDE.app/Contents/Eclipse/plugins/com.st.stm32cube.ide.mcu.externaltools.gnu-tools-for-stm32.13.3.rel1.macos64_1.0.100.202509120712/tools/bin/../lib/gcc/arm-none-eabi/13.3.1/../../../../arm-none-eabi/lib/thumb/v7e-m+fp/hard/libm.a(libm_a-kf_rem_pio2.o)
 .rodata.init_jk
                0x08009790        0xc /Applications/STM32CubeIDE.app/Contents/Eclipse/plugins/com.st.stm32cube.ide.mcu.externaltools.gnu-tools-for-stm32.13.3.rel1.macos64_1.0.100.202509120712/tools/bin/../lib/gcc/arm-none-eabi/13.3.1/../../../../arm-none-eabi/lib/thumb/v7e-m+fp/hard/libm.a(libm_a-kf_rem_pio2.o)
                0x0800979c                        . = ALIGN (0x4)

.ARM.extab      0x0800979c        0x0
                0x0800979c                        . = ALIGN (0x4)
 *(.ARM.extab* .gnu.linkonce.armextab.*)
                0x0800979c                        . = ALIGN (0x4)

.ARM            0x0800979c        0x0
                0x0800979c                        . = ALIGN (0x4)
                0x0800979c                        __exidx_start = .
 *(.ARM.exidx*)
                0x0800979c                        __exidx_end = .
                0x0800979c                        . = ALIGN (0x4)

.preinit_array  0x0800979c        0x0
                0x0800979c                        . = ALIGN (0x4)
                0x0800979c                        PROVIDE (__preinit_array_start = .)
 *(.preinit_array*)
                0x0800979c                        PROVIDE (__preinit_array_end = .)
                0x0800979c                        . = ALIGN (0x4)

.init_array     0x0800979c        0x4
                0x0800979c                        . = ALIGN (0x4)
                0x0800979c                        PROVIDE (__init_array_start = .)
 *(SORT_BY_NAME(.init_array.*))
 *(.init_array*)
 .init_array    0x0800979c        0x4 /Applications/STM32CubeIDE.app/Contents/Eclipse/plugins/com.st.stm32cube.ide.mcu.externaltools.gnu-tools-for-stm32.13.3.rel1.macos64_1.0.100.202509120712/tools/bin/../lib/gcc/arm-none-eabi/13.3.1/thumb/v7e-m+fp/hard/crtbegin.o
                0x080097a0                        PROVIDE (__init_array_end = .)
                0x080097a0                        . = ALIGN (0x4)

.fini_array     0x080097a0        0x4
                0x080097a0                        . = ALIGN (0x4)
                [!provide]                        PROVIDE (__fini_array_start = .)
 *(SORT_BY_NAME(.fini_array.*))
 *(.fini_array*)
 .fini_array    0x080097a0        0x4 /Applications/STM32CubeIDE.app/Contents/Eclipse/plugins/com.st.stm32cube.ide.mcu.externaltools.gnu-tools-for-stm32.13.3.rel1.macos64_1.0.100.202509120712/tools/bin/../lib/gcc/arm-none-eabi/13.3.1/thumb/v7e-m+fp/hard/crtbegin.o
                [!provide]                        PROVIDE (__fini_array_end = .)
                0x080097a4                        . = ALIGN (0x4)
                0x080097a4                        _sidata = LOADADDR (.data)

.rel.dyn        0x080097a4        0x0
 .rel.iplt      0x080097a4        0x0 /Applications/STM32CubeIDE.app/Contents/Eclipse/plugins/com.st.stm32cube.ide.mcu.externaltools.gnu-tools-for-stm32.13.3.rel1.macos64_1.0.100.202509120712/tools/bin/../lib/gcc/arm-none-eabi/13.3.1/thumb/v7e-m+fp/hard/crtbegin.o

.data           0x20000000       0x5c load address 0x080097a4
                0x20000000                        . = ALIGN (0x4)
                0x20000000                        _sdata = .
 *(.data)
 *(.data*)
 .data.SystemCoreClock
                0x20000000        0x4 ./Core/Src/system_stm32g4xx.o
                0x20000000                SystemCoreClock
 .data.uwTickPrio
                0x20000004        0x4 ./Drivers/STM32G4xx_HAL_Driver/Src/stm32g4xx_hal.o
                0x20000004                uwTickPrio
 .data.uwTickFreq
                0x20000008        0x4 ./Drivers/STM32G4xx_HAL_Driver/Src/stm32g4xx_hal.o
                0x20000008                uwTickFreq
 .data._impure_ptr
                0x2000000c        0x4 /Applications/STM32CubeIDE.app/Contents/Eclipse/plugins/com.st.stm32cube.ide.mcu.externaltools.gnu-tools-for-stm32.13.3.rel1.macos64_1.0.100.202509120712/tools/bin/../lib/gcc/arm-none-eabi/13.3.1/../../../../arm-none-eabi/lib/thumb/v7e-m+fp/hard/libc_nano.a(libc_a-impure.o)
                0x2000000c                _impure_ptr
 .data._impure_data
                0x20000010       0x4c /Applications/STM32CubeIDE.app/Contents/Eclipse/plugins/com.st.stm32cube.ide.mcu.externaltools.gnu-tools-for-stm32.13.3.rel1.macos64_1.0.100.202509120712/tools/bin/../lib/gcc/arm-none-eabi/13.3.1/../../../../arm-none-eabi/lib/thumb/v7e-m+fp/hard/libc_nano.a(libc_a-impure.o)
                0x20000010                _impure_data
 *(.RamFunc)
 *(.RamFunc*)
                0x2000005c                        . = ALIGN (0x4)
                0x2000005c                        _edata = .

.igot.plt       0x2000005c        0x0 load address 0x08009800
 .igot.plt      0x2000005c        0x0 /Applications/STM32CubeIDE.app/Contents/Eclipse/plugins/com.st.stm32cube.ide.mcu.externaltools.gnu-tools-for-stm32.13.3.rel1.macos64_1.0.100.202509120712/tools/bin/../lib/gcc/arm-none-eabi/13.3.1/thumb/v7e-m+fp/hard/crtbegin.o
                0x2000005c                        . = ALIGN (0x4)

.bss            0x2000005c     0x4f30 load address 0x08009800
                0x2000005c                        _sbss = .
                0x2000005c                        __bss_start__ = _sbss
 *(.bss)
 .bss           0x2000005c       0x1c /Applications/STM32CubeIDE.app/Contents/Eclipse/plugins/com.st.stm32cube.ide.mcu.externaltools.gnu-tools-for-stm32.13.3.rel1.macos64_1.0.100.202509120712/tools/bin/../lib/gcc/arm-none-eabi/13.3.1/thumb/v7e-m+fp/hard/crtbegin.o
 *(.bss*)
 .bss.fl_strip_fb
                0x20000078      0x168 ./Boards/board_door_fl.o
 .bss.fl_strip_dmaA
                0x200001e0     0x18d8 ./Boards/board_door_fl.o
 .bss.fl_strip_dmaB
                0x20001ab8     0x18d8 ./Boards/board_door_fl.o
 .bss.fl_handle_fb
                0x20003390       0x18 ./Boards/board_door_fl.o
 .bss.fl_handle_dmaA
                0x200033a8      0x3d8 ./Boards/board_door_fl.o
 .bss.fl_handle_dmaB
                0x20003780      0x3d8 ./Boards/board_door_fl.o
 .bss.fl_storage_fb
                0x20003b58       0x12 ./Boards/board_door_fl.o
 *fill*         0x20003b6a        0x2 
 .bss.fl_storage_dmaA
                0x20003b6c      0x378 ./Boards/board_door_fl.o
 .bss.fl_storage_dmaB
                0x20003ee4      0x378 ./Boards/board_door_fl.o
 .bss.fl_footwell_fb
                0x2000425c       0x1e ./Boards/board_door_fl.o
 *fill*         0x2000427a        0x2 
 .bss.fl_footwell_dmaA
                0x2000427c      0x438 ./Boards/board_door_fl.o
 .bss.fl_footwell_dmaB
                0x200046b4      0x438 ./Boards/board_door_fl.o
 .bss.g_fl_strip
                0x20004aec       0x34 ./Boards/board_door_fl.o
                0x20004aec                g_fl_strip
 .bss.g_fl_handle
                0x20004b20       0x34 ./Boards/board_door_fl.o
                0x20004b20                g_fl_handle
 .bss.g_fl_storage
                0x20004b54       0x34 ./Boards/board_door_fl.o
                0x20004b54                g_fl_storage
 .bss.g_fl_footwell
                0x20004b88       0x34 ./Boards/board_door_fl.o
                0x20004b88                g_fl_footwell
 .bss.hfdcan1   0x20004bbc       0x64 ./Core/Src/main.o
                0x20004bbc                hfdcan1
 .bss.htim1     0x20004c20       0x4c ./Core/Src/main.o
                0x20004c20                htim1
 .bss.hdma_tim1_ch1
                0x20004c6c       0x60 ./Core/Src/main.o
                0x20004c6c                hdma_tim1_ch1
 .bss.hdma_tim1_ch2
                0x20004ccc       0x60 ./Core/Src/main.o
                0x20004ccc                hdma_tim1_ch2
 .bss.hdma_tim1_ch3
                0x20004d2c       0x60 ./Core/Src/main.o
                0x20004d2c                hdma_tim1_ch3
 .bss.hdma_tim1_ch4
                0x20004d8c       0x60 ./Core/Src/main.o
                0x20004d8c                hdma_tim1_ch4
 .bss.g_player  0x20004dec       0x54 ./Core/Src/main.o
                0x20004dec                g_player
 .bss.g_current_theme
                0x20004e40        0x1 ./Core/Src/main.o
                0x20004e40                g_current_theme
 .bss.g_oem_color
                0x20004e41        0x1 ./Core/Src/main.o
                0x20004e41                g_oem_color
 *fill*         0x20004e42        0x2 
 .bss.g_last_tick_ms
                0x20004e44        0x4 ./Core/Src/main.o
                0x20004e44                g_last_tick_ms
 .bss.g_last_theme_switch_ms
                0x20004e48        0x4 ./Core/Src/main.o
                0x20004e48                g_last_theme_switch_ms
 .bss.uwTick    0x20004e4c        0x4 ./Drivers/STM32G4xx_HAL_Driver/Src/stm32g4xx_hal.o
                0x20004e4c                uwTick
 .bss.g_power_state
                0x20004e50        0x1 ./Lightning/driver.o
 .bss.g_amb_night_mode
                0x20004e51        0x1 ./Lightning/scene_player.o
                0x20004e51                g_amb_night_mode
 *fill*         0x20004e52        0x2 
 .bss.__sf      0x20004e54      0x138 /Applications/STM32CubeIDE.app/Contents/Eclipse/plugins/com.st.stm32cube.ide.mcu.externaltools.gnu-tools-for-stm32.13.3.rel1.macos64_1.0.100.202509120712/tools/bin/../lib/gcc/arm-none-eabi/13.3.1/../../../../arm-none-eabi/lib/thumb/v7e-m+fp/hard/libc_nano.a(libc_a-findfp.o)
                0x20004e54                __sf
 *(COMMON)
                0x20004f8c                        . = ALIGN (0x4)
                0x20004f8c                        _ebss = .
                0x20004f8c                        __bss_end__ = _ebss

._user_heap_stack
                0x20004f8c      0x604 load address 0x08009800
                0x20004f90                        . = ALIGN (0x8)
 *fill*         0x20004f8c        0x4 
                [!provide]                        PROVIDE (end = .)
                0x20004f90                        PROVIDE (_end = .)
                0x20005190                        . = (. + _Min_Heap_Size)
 *fill*         0x20004f90      0x200 
                0x20005590                        . = (. + _Min_Stack_Size)
 *fill*         0x20005190      0x400 
                0x20005590                        . = ALIGN (0x8)

/DISCARD/
 libc.a(*)
 libm.a(*)
 libgcc.a(*)

.ARM.attributes
                0x00000000       0x30
 *(.ARM.attributes)
 .ARM.attributes
                0x00000000       0x22 /Applications/STM32CubeIDE.app/Contents/Eclipse/plugins/com.st.stm32cube.ide.mcu.externaltools.gnu-tools-for-stm32.13.3.rel1.macos64_1.0.100.202509120712/tools/bin/../lib/gcc/arm-none-eabi/13.3.1/thumb/v7e-m+fp/hard/crti.o
 .ARM.attributes
                0x00000022       0x34 /Applications/STM32CubeIDE.app/Contents/Eclipse/plugins/com.st.stm32cube.ide.mcu.externaltools.gnu-tools-for-stm32.13.3.rel1.macos64_1.0.100.202509120712/tools/bin/../lib/gcc/arm-none-eabi/13.3.1/thumb/v7e-m+fp/hard/crtbegin.o
 .ARM.attributes
                0x00000056       0x34 ./Boards/board_door_fl.o
 .ARM.attributes
                0x0000008a       0x34 ./Core/Src/main.o
 .ARM.attributes
                0x000000be       0x34 ./Core/Src/stm32g4xx_hal_msp.o
 .ARM.attributes
                0x000000f2       0x34 ./Core/Src/stm32g4xx_it.o
 .ARM.attributes
                0x00000126       0x34 ./Core/Src/system_stm32g4xx.o
 .ARM.attributes
                0x0000015a       0x21 ./Core/Startup/startup_stm32g431cbux.o
 .ARM.attributes
                0x0000017b       0x34 ./Drivers/STM32G4xx_HAL_Driver/Src/stm32g4xx_hal.o
 .ARM.attributes
                0x000001af       0x34 ./Drivers/STM32G4xx_HAL_Driver/Src/stm32g4xx_hal_cortex.o
 .ARM.attributes
                0x000001e3       0x34 ./Drivers/STM32G4xx_HAL_Driver/Src/stm32g4xx_hal_dma.o
 .ARM.attributes
                0x00000217       0x34 ./Drivers/STM32G4xx_HAL_Driver/Src/stm32g4xx_hal_fdcan.o
 .ARM.attributes
                0x0000024b       0x34 ./Drivers/STM32G4xx_HAL_Driver/Src/stm32g4xx_hal_gpio.o
 .ARM.attributes
                0x0000027f       0x34 ./Drivers/STM32G4xx_HAL_Driver/Src/stm32g4xx_hal_pwr_ex.o
 .ARM.attributes
                0x000002b3       0x34 ./Drivers/STM32G4xx_HAL_Driver/Src/stm32g4xx_hal_rcc.o
 .ARM.attributes
                0x000002e7       0x34 ./Drivers/STM32G4xx_HAL_Driver/Src/stm32g4xx_hal_rcc_ex.o
 .ARM.attributes
                0x0000031b       0x34 ./Drivers/STM32G4xx_HAL_Driver/Src/stm32g4xx_hal_tim.o
 .ARM.attributes
                0x0000034f       0x34 ./Drivers/STM32G4xx_HAL_Driver/Src/stm32g4xx_hal_tim_ex.o
 .ARM.attributes
                0x00000383       0x34 ./Lightning/driver.o
 .ARM.attributes
                0x000003b7       0x34 ./Lightning/effects.o
 .ARM.attributes
                0x000003eb       0x34 ./Lightning/frame_utils.o
 .ARM.attributes
                0x0000041f       0x34 ./Lightning/palette.o
 .ARM.attributes
                0x00000453       0x34 ./Lightning/presets.o
 .ARM.attributes
                0x00000487       0x34 ./Lightning/scene_player.o
 .ARM.attributes
                0x000004bb       0x34 ./Lightning/zones.o
 .ARM.attributes
                0x000004ef       0x34 /Applications/STM32CubeIDE.app/Contents/Eclipse/plugins/com.st.stm32cube.ide.mcu.externaltools.gnu-tools-for-stm32.13.3.rel1.macos64_1.0.100.202509120712/tools/bin/../lib/gcc/arm-none-eabi/13.3.1/../../../../arm-none-eabi/lib/thumb/v7e-m+fp/hard/libc_nano.a(libc_a-findfp.o)
 .ARM.attributes
                0x00000523       0x34 /Applications/STM32CubeIDE.app/Contents/Eclipse/plugins/com.st.stm32cube.ide.mcu.externaltools.gnu-tools-for-stm32.13.3.rel1.macos64_1.0.100.202509120712/tools/bin/../lib/gcc/arm-none-eabi/13.3.1/../../../../arm-none-eabi/lib/thumb/v7e-m+fp/hard/libc_nano.a(libc_a-memset.o)
 .ARM.attributes
                0x00000557       0x34 /Applications/STM32CubeIDE.app/Contents/Eclipse/plugins/com.st.stm32cube.ide.mcu.externaltools.gnu-tools-for-stm32.13.3.rel1.macos64_1.0.100.202509120712/tools/bin/../lib/gcc/arm-none-eabi/13.3.1/../../../../arm-none-eabi/lib/thumb/v7e-m+fp/hard/libc_nano.a(libc_a-errno.o)
 .ARM.attributes
                0x0000058b       0x34 /Applications/STM32CubeIDE.app/Contents/Eclipse/plugins/com.st.stm32cube.ide.mcu.externaltools.gnu-tools-for-stm32.13.3.rel1.macos64_1.0.100.202509120712/tools/bin/../lib/gcc/arm-none-eabi/13.3.1/../../../../arm-none-eabi/lib/thumb/v7e-m+fp/hard/libc_nano.a(libc_a-init.o)
 .ARM.attributes
                0x000005bf       0x34 /Applications/STM32CubeIDE.app/Contents/Eclipse/plugins/com.st.stm32cube.ide.mcu.externaltools.gnu-tools-for-stm32.13.3.rel1.macos64_1.0.100.202509120712/tools/bin/../lib/gcc/arm-none-eabi/13.3.1/../../../../arm-none-eabi/lib/thumb/v7e-m+fp/hard/libc_nano.a(libc_a-impure.o)
 .ARM.attributes
                0x000005f3       0x34 /Applications/STM32CubeIDE.app/Contents/Eclipse/plugins/com.st.stm32cube.ide.mcu.externaltools.gnu-tools-for-stm32.13.3.rel1.macos64_1.0.100.202509120712/tools/bin/../lib/gcc/arm-none-eabi/13.3.1/../../../../arm-none-eabi/lib/thumb/v7e-m+fp/hard/libm.a(libm_a-wf_exp.o)
 .ARM.attributes
                0x00000627       0x34 /Applications/STM32CubeIDE.app/Contents/Eclipse/plugins/com.st.stm32cube.ide.mcu.externaltools.gnu-tools-for-stm32.13.3.rel1.macos64_1.0.100.202509120712/tools/bin/../lib/gcc/arm-none-eabi/13.3.1/../../../../arm-none-eabi/lib/thumb/v7e-m+fp/hard/libm.a(libm_a-wf_pow.o)
 .ARM.attributes
                0x0000065b       0x34 /Applications/STM32CubeIDE.app/Contents/Eclipse/plugins/com.st.stm32cube.ide.mcu.externaltools.gnu-tools-for-stm32.13.3.rel1.macos64_1.0.100.202509120712/tools/bin/../lib/gcc/arm-none-eabi/13.3.1/../../../../arm-none-eabi/lib/thumb/v7e-m+fp/hard/libm.a(libm_a-sf_finite.o)
 .ARM.attributes
                0x0000068f       0x34 /Applications/STM32CubeIDE.app/Contents/Eclipse/plugins/com.st.stm32cube.ide.mcu.externaltools.gnu-tools-for-stm32.13.3.rel1.macos64_1.0.100.202509120712/tools/bin/../lib/gcc/arm-none-eabi/13.3.1/../../../../arm-none-eabi/lib/thumb/v7e-m+fp/hard/libm.a(libm_a-sf_sin.o)
 .ARM.attributes
                0x000006c3       0x34 /Applications/STM32CubeIDE.app/Contents/Eclipse/plugins/com.st.stm32cube.ide.mcu.externaltools.gnu-tools-for-stm32.13.3.rel1.macos64_1.0.100.202509120712/tools/bin/../lib/gcc/arm-none-eabi/13.3.1/../../../../arm-none-eabi/lib/thumb/v7e-m+fp/hard/libm.a(libm_a-kf_cos.o)
 .ARM.attributes
                0x000006f7       0x34 /Applications/STM32CubeIDE.app/Contents/Eclipse/plugins/com.st.stm32cube.ide.mcu.externaltools.gnu-tools-for-stm32.13.3.rel1.macos64_1.0.100.202509120712/tools/bin/../lib/gcc/arm-none-eabi/13.3.1/../../../../arm-none-eabi/lib/thumb/v7e-m+fp/hard/libm.a(libm_a-kf_sin.o)
 .ARM.attributes
                0x0000072b       0x34 /Applications/STM32CubeIDE.app/Contents/Eclipse/plugins/com.st.stm32cube.ide.mcu.externaltools.gnu-tools-for-stm32.13.3.rel1.macos64_1.0.100.202509120712/tools/bin/../lib/gcc/arm-none-eabi/13.3.1/../../../../arm-none-eabi/lib/thumb/v7e-m+fp/hard/libm.a(libm_a-ef_exp.o)
 .ARM.attributes
                0x0000075f       0x34 /Applications/STM32CubeIDE.app/Contents/Eclipse/plugins/com.st.stm32cube.ide.mcu.externaltools.gnu-tools-for-stm32.13.3.rel1.macos64_1.0.100.202509120712/tools/bin/../lib/gcc/arm-none-eabi/13.3.1/../../../../arm-none-eabi/lib/thumb/v7e-m+fp/hard/libm.a(libm_a-ef_pow.o)
 .ARM.attributes
                0x00000793       0x34 /Applications/STM32CubeIDE.app/Contents/Eclipse/plugins/com.st.stm32cube.ide.mcu.externaltools.gnu-tools-for-stm32.13.3.rel1.macos64_1.0.100.202509120712/tools/bin/../lib/gcc/arm-none-eabi/13.3.1/../../../../arm-none-eabi/lib/thumb/v7e-m+fp/hard/libm.a(libm_a-sf_floor.o)
 .ARM.attributes
                0x000007c7       0x34 /Applications/STM32CubeIDE.app/Contents/Eclipse/plugins/com.st.stm32cube.ide.mcu.externaltools.gnu-tools-for-stm32.13.3.rel1.macos64_1.0.100.202509120712/tools/bin/../lib/gcc/arm-none-eabi/13.3.1/../../../../arm-none-eabi/lib/thumb/v7e-m+fp/hard/libm.a(libm_a-ef_rem_pio2.o)
 .ARM.attributes
                0x000007fb       0x34 /Applications/STM32CubeIDE.app/Contents/Eclipse/plugins/com.st.stm32cube.ide.mcu.externaltools.gnu-tools-for-stm32.13.3.rel1.macos64_1.0.100.202509120712/tools/bin/../lib/gcc/arm-none-eabi/13.3.1/../../../../arm-none-eabi/lib/thumb/v7e-m+fp/hard/libm.a(libm_a-math_errf.o)
 .ARM.attributes
                0x0000082f       0x34 /Applications/STM32CubeIDE.app/Contents/Eclipse/plugins/com.st.stm32cube.ide.mcu.externaltools.gnu-tools-for-stm32.13.3.rel1.macos64_1.0.100.202509120712/tools/bin/../lib/gcc/arm-none-eabi/13.3.1/../../../../arm-none-eabi/lib/thumb/v7e-m+fp/hard/libm.a(libm_a-sf_scalbn.o)
 .ARM.attributes
                0x00000863       0x34 /Applications/STM32CubeIDE.app/Contents/Eclipse/plugins/com.st.stm32cube.ide.mcu.externaltools.gnu-tools-for-stm32.13.3.rel1.macos64_1.0.100.202509120712/tools/bin/../lib/gcc/arm-none-eabi/13.3.1/../../../../arm-none-eabi/lib/thumb/v7e-m+fp/hard/libm.a(libm_a-sf_fabs.o)
 .ARM.attributes
                0x00000897       0x34 /Applications/STM32CubeIDE.app/Contents/Eclipse/plugins/com.st.stm32cube.ide.mcu.externaltools.gnu-tools-for-stm32.13.3.rel1.macos64_1.0.100.202509120712/tools/bin/../lib/gcc/arm-none-eabi/13.3.1/../../../../arm-none-eabi/lib/thumb/v7e-m+fp/hard/libm.a(libm_a-kf_rem_pio2.o)
 .ARM.attributes
                0x000008cb       0x34 /Applications/STM32CubeIDE.app/Contents/Eclipse/plugins/com.st.stm32cube.ide.mcu.externaltools.gnu-tools-for-stm32.13.3.rel1.macos64_1.0.100.202509120712/tools/bin/../lib/gcc/arm-none-eabi/13.3.1/../../../../arm-none-eabi/lib/thumb/v7e-m+fp/hard/libm.a(libm_a-ef_sqrt.o)
 .ARM.attributes
                0x000008ff       0x22 /Applications/STM32CubeIDE.app/Contents/Eclipse/plugins/com.st.stm32cube.ide.mcu.externaltools.gnu-tools-for-stm32.13.3.rel1.macos64_1.0.100.202509120712/tools/bin/../lib/gcc/arm-none-eabi/13.3.1/thumb/v7e-m+fp/hard/crtn.o
OUTPUT(STAR1_Ambient.elf elf32-littlearm)
LOAD linker stubs
LOAD /Applications/STM32CubeIDE.app/Contents/Eclipse/plugins/com.st.stm32cube.ide.mcu.externaltools.gnu-tools-for-stm32.13.3.rel1.macos64_1.0.100.202509120712/tools/bin/../lib/gcc/arm-none-eabi/13.3.1/../../../../arm-none-eabi/lib/thumb/v7e-m+fp/hard/libc.a
LOAD /Applications/STM32CubeIDE.app/Contents/Eclipse/plugins/com.st.stm32cube.ide.mcu.externaltools.gnu-tools-for-stm32.13.3.rel1.macos64_1.0.100.202509120712/tools/bin/../lib/gcc/arm-none-eabi/13.3.1/../../../../arm-none-eabi/lib/thumb/v7e-m+fp/hard/libm.a
LOAD /Applications/STM32CubeIDE.app/Contents/Eclipse/plugins/com.st.stm32cube.ide.mcu.externaltools.gnu-tools-for-stm32.13.3.rel1.macos64_1.0.100.202509120712/tools/bin/../lib/gcc/arm-none-eabi/13.3.1/thumb/v7e-m+fp/hard/libgcc.a

.debug_info     0x00000000    0x15d00
 .debug_info    0x00000000      0xbb2 ./Boards/board_door_fl.o
 .debug_info    0x00000bb2     0x1fd9 ./Core/Src/main.o
 .debug_info    0x00002b8b     0x156d ./Core/Src/stm32g4xx_hal_msp.o
 .debug_info    0x000040f8      0x9b8 ./Core/Src/stm32g4xx_it.o
 .debug_info    0x00004ab0      0x58e ./Core/Src/system_stm32g4xx.o
 .debug_info    0x0000503e       0x30 ./Core/Startup/startup_stm32g431cbux.o
 .debug_info    0x0000506e      0xadb ./Drivers/STM32G4xx_HAL_Driver/Src/stm32g4xx_hal.o
 .debug_info    0x00005b49      0xd3f ./Drivers/STM32G4xx_HAL_Driver/Src/stm32g4xx_hal_cortex.o
 .debug_info    0x00006888      0x85f ./Drivers/STM32G4xx_HAL_Driver/Src/stm32g4xx_hal_dma.o
 .debug_info    0x000070e7     0x189c ./Drivers/STM32G4xx_HAL_Driver/Src/stm32g4xx_hal_fdcan.o
 .debug_info    0x00008983      0x763 ./Drivers/STM32G4xx_HAL_Driver/Src/stm32g4xx_hal_gpio.o
 .debug_info    0x000090e6      0x93f ./Drivers/STM32G4xx_HAL_Driver/Src/stm32g4xx_hal_pwr_ex.o
 .debug_info    0x00009a25      0xb82 ./Drivers/STM32G4xx_HAL_Driver/Src/stm32g4xx_hal_rcc.o
 .debug_info    0x0000a5a7      0xc15 ./Drivers/STM32G4xx_HAL_Driver/Src/stm32g4xx_hal_rcc_ex.o
 .debug_info    0x0000b1bc     0x2c52 ./Drivers/STM32G4xx_HAL_Driver/Src/stm32g4xx_hal_tim.o
 .debug_info    0x0000de0e     0x1d95 ./Drivers/STM32G4xx_HAL_Driver/Src/stm32g4xx_hal_tim_ex.o
 .debug_info    0x0000fba3      0xdfb ./Lightning/driver.o
 .debug_info    0x0001099e     0x18f0 ./Lightning/effects.o
 .debug_info    0x0001228e      0xd9a ./Lightning/frame_utils.o
 .debug_info    0x00013028      0x478 ./Lightning/palette.o
 .debug_info    0x000134a0      0x4f2 ./Lightning/presets.o
 .debug_info    0x00013992      0xf9c ./Lightning/scene_player.o
 .debug_info    0x0001492e     0x13d2 ./Lightning/zones.o

.debug_abbrev   0x00000000     0x328d
 .debug_abbrev  0x00000000      0x1d8 ./Boards/board_door_fl.o
 .debug_abbrev  0x000001d8      0x350 ./Core/Src/main.o
 .debug_abbrev  0x00000528      0x280 ./Core/Src/stm32g4xx_hal_msp.o
 .debug_abbrev  0x000007a8      0x1a8 ./Core/Src/stm32g4xx_it.o
 .debug_abbrev  0x00000950      0x11a ./Core/Src/system_stm32g4xx.o
 .debug_abbrev  0x00000a6a       0x24 ./Core/Startup/startup_stm32g431cbux.o
 .debug_abbrev  0x00000a8e      0x271 ./Drivers/STM32G4xx_HAL_Driver/Src/stm32g4xx_hal.o
 .debug_abbrev  0x00000cff      0x31c ./Drivers/STM32G4xx_HAL_Driver/Src/stm32g4xx_hal_cortex.o
 .debug_abbrev  0x0000101b      0x1e2 ./Drivers/STM32G4xx_HAL_Driver/Src/stm32g4xx_hal_dma.o
 .debug_abbrev  0x000011fd      0x1e7 ./Drivers/STM32G4xx_HAL_Driver/Src/stm32g4xx_hal_fdcan.o
 .debug_abbrev  0x000013e4      0x1cb ./Drivers/STM32G4xx_HAL_Driver/Src/stm32g4xx_hal_gpio.o
 .debug_abbrev  0x000015af      0x22c ./Drivers/STM32G4xx_HAL_Driver/Src/stm32g4xx_hal_pwr_ex.o
 .debug_abbrev  0x000017db      0x2c9 ./Drivers/STM32G4xx_HAL_Driver/Src/stm32g4xx_hal_rcc.o
 .debug_abbrev  0x00001aa4      0x258 ./Drivers/STM32G4xx_HAL_Driver/Src/stm32g4xx_hal_rcc_ex.o
 .debug_abbrev  0x00001cfc      0x2a7 ./Drivers/STM32G4xx_HAL_Driver/Src/stm32g4xx_hal_tim.o
 .debug_abbrev  0x00001fa3      0x2c5 ./Drivers/STM32G4xx_HAL_Driver/Src/stm32g4xx_hal_tim_ex.o
 .debug_abbrev  0x00002268      0x2c4 ./Lightning/driver.o
 .debug_abbrev  0x0000252c      0x2ec ./Lightning/effects.o
 .debug_abbrev  0x00002818      0x229 ./Lightning/frame_utils.o
 .debug_abbrev  0x00002a41      0x169 ./Lightning/palette.o
 .debug_abbrev  0x00002baa      0x172 ./Lightning/presets.o
 .debug_abbrev  0x00002d1c      0x279 ./Lightning/scene_player.o
 .debug_abbrev  0x00002f95      0x2f8 ./Lightning/zones.o

.debug_aranges  0x00000000     0x1238
 .debug_aranges
                0x00000000       0x28 ./Boards/board_door_fl.o
 .debug_aranges
                0x00000028       0x58 ./Core/Src/main.o
 .debug_aranges
                0x00000080       0x48 ./Core/Src/stm32g4xx_hal_msp.o
 .debug_aranges
                0x000000c8       0x90 ./Core/Src/stm32g4xx_it.o
 .debug_aranges
                0x00000158       0x28 ./Core/Src/system_stm32g4xx.o
 .debug_aranges
                0x00000180       0x28 ./Core/Startup/startup_stm32g431cbux.o
 .debug_aranges
                0x000001a8      0x148 ./Drivers/STM32G4xx_HAL_Driver/Src/stm32g4xx_hal.o
 .debug_aranges
                0x000002f0      0x128 ./Drivers/STM32G4xx_HAL_Driver/Src/stm32g4xx_hal_cortex.o
 .debug_aranges
                0x00000418       0x90 ./Drivers/STM32G4xx_HAL_Driver/Src/stm32g4xx_hal_dma.o
 .debug_aranges
                0x000004a8      0x208 ./Drivers/STM32G4xx_HAL_Driver/Src/stm32g4xx_hal_fdcan.o
 .debug_aranges
                0x000006b0       0x58 ./Drivers/STM32G4xx_HAL_Driver/Src/stm32g4xx_hal_gpio.o
 .debug_aranges
                0x00000708      0x140 ./Drivers/STM32G4xx_HAL_Driver/Src/stm32g4xx_hal_pwr_ex.o
 .debug_aranges
                0x00000848       0x98 ./Drivers/STM32G4xx_HAL_Driver/Src/stm32g4xx_hal_rcc.o
 .debug_aranges
                0x000008e0       0xb0 ./Drivers/STM32G4xx_HAL_Driver/Src/stm32g4xx_hal_rcc_ex.o
 .debug_aranges
                0x00000990      0x3e0 ./Drivers/STM32G4xx_HAL_Driver/Src/stm32g4xx_hal_tim.o
 .debug_aranges
                0x00000d70      0x240 ./Drivers/STM32G4xx_HAL_Driver/Src/stm32g4xx_hal_tim_ex.o
 .debug_aranges
                0x00000fb0       0x78 ./Lightning/driver.o
 .debug_aranges
                0x00001028       0xa8 ./Lightning/effects.o
 .debug_aranges
                0x000010d0       0x70 ./Lightning/frame_utils.o
 .debug_aranges
                0x00001140       0x28 ./Lightning/palette.o
 .debug_aranges
                0x00001168       0x38 ./Lightning/presets.o
 .debug_aranges
                0x000011a0       0x48 ./Lightning/scene_player.o
 .debug_aranges
                0x000011e8       0x50 ./Lightning/zones.o

.debug_rnglists
                0x00000000      0xdf3
 .debug_rnglists
                0x00000000       0x1a ./Boards/board_door_fl.o
 .debug_rnglists
                0x0000001a       0x43 ./Core/Src/main.o
 .debug_rnglists
                0x0000005d       0x34 ./Core/Src/stm32g4xx_hal_msp.o
 .debug_rnglists
                0x00000091       0x67 ./Core/Src/stm32g4xx_it.o
 .debug_rnglists
                0x000000f8       0x1a ./Core/Src/system_stm32g4xx.o
 .debug_rnglists
                0x00000112       0x19 ./Core/Startup/startup_stm32g431cbux.o
 .debug_rnglists
                0x0000012b       0xf1 ./Drivers/STM32G4xx_HAL_Driver/Src/stm32g4xx_hal.o
 .debug_rnglists
                0x0000021c       0xda ./Drivers/STM32G4xx_HAL_Driver/Src/stm32g4xx_hal_cortex.o
 .debug_rnglists
                0x000002f6       0x71 ./Drivers/STM32G4xx_HAL_Driver/Src/stm32g4xx_hal_dma.o
 .debug_rnglists
                0x00000367      0x18d ./Drivers/STM32G4xx_HAL_Driver/Src/stm32g4xx_hal_fdcan.o
 .debug_rnglists
                0x000004f4       0x3f ./Drivers/STM32G4xx_HAL_Driver/Src/stm32g4xx_hal_gpio.o
 .debug_rnglists
                0x00000533       0xf1 ./Drivers/STM32G4xx_HAL_Driver/Src/stm32g4xx_hal_pwr_ex.o
 .debug_rnglists
                0x00000624       0x74 ./Drivers/STM32G4xx_HAL_Driver/Src/stm32g4xx_hal_rcc.o
 .debug_rnglists
                0x00000698       0x87 ./Drivers/STM32G4xx_HAL_Driver/Src/stm32g4xx_hal_rcc_ex.o
 .debug_rnglists
                0x0000071f      0x328 ./Drivers/STM32G4xx_HAL_Driver/Src/stm32g4xx_hal_tim.o
 .debug_rnglists
                0x00000a47      0x1cc ./Drivers/STM32G4xx_HAL_Driver/Src/stm32g4xx_hal_tim_ex.o
 .debug_rnglists
                0x00000c13       0x59 ./Lightning/driver.o
 .debug_rnglists
                0x00000c6c       0x86 ./Lightning/effects.o
 .debug_rnglists
                0x00000cf2       0x54 ./Lightning/frame_utils.o
 .debug_rnglists
                0x00000d46       0x1a ./Lightning/palette.o
 .debug_rnglists
                0x00000d60       0x25 ./Lightning/presets.o
 .debug_rnglists
                0x00000d85       0x34 ./Lightning/scene_player.o
 .debug_rnglists
                0x00000db9       0x3a ./Lightning/zones.o

.debug_macro    0x00000000    0x1f345
 .debug_macro   0x00000000      0x2ce ./Boards/board_door_fl.o
 .debug_macro   0x000002ce      0xad8 ./Boards/board_door_fl.o
 .debug_macro   0x00000da6      0x15b ./Boards/board_door_fl.o
 .debug_macro   0x00000f01       0x2e ./Boards/board_door_fl.o
 .debug_macro   0x00000f2f       0x28 ./Boards/board_door_fl.o
 .debug_macro   0x00000f57       0x22 ./Boards/board_door_fl.o
 .debug_macro   0x00000f79       0x8e ./Boards/board_door_fl.o
 .debug_macro   0x00001007       0x51 ./Boards/board_door_fl.o
 .debug_macro   0x00001058      0x103 ./Boards/board_door_fl.o
 .debug_macro   0x0000115b       0x6a ./Boards/board_door_fl.o
 .debug_macro   0x000011c5      0x1df ./Boards/board_door_fl.o
 .debug_macro   0x000013a4       0x1c ./Boards/board_door_fl.o
 .debug_macro   0x000013c0       0x22 ./Boards/board_door_fl.o
 .debug_macro   0x000013e2       0xfb ./Boards/board_door_fl.o
 .debug_macro   0x000014dd     0x1011 ./Boards/board_door_fl.o
 .debug_macro   0x000024ee      0x11f ./Boards/board_door_fl.o
 .debug_macro   0x0000260d    0x1138f ./Boards/board_door_fl.o
 .debug_macro   0x0001399c       0x6d ./Boards/board_door_fl.o
 .debug_macro   0x00013a09     0x3558 ./Boards/board_door_fl.o
 .debug_macro   0x00016f61      0x190 ./Boards/board_door_fl.o
 .debug_macro   0x000170f1       0x5c ./Boards/board_door_fl.o
 .debug_macro   0x0001714d     0x141d ./Boards/board_door_fl.o
 .debug_macro   0x0001856a      0x535 ./Boards/board_door_fl.o
 .debug_macro   0x00018a9f      0x1b6 ./Boards/board_door_fl.o
 .debug_macro   0x00018c55      0x288 ./Boards/board_door_fl.o
 .debug_macro   0x00018edd      0x41d ./Boards/board_door_fl.o
 .debug_macro   0x000192fa      0x18b ./Boards/board_door_fl.o
 .debug_macro   0x00019485       0x43 ./Boards/board_door_fl.o
 .debug_macro   0x000194c8      0x23d ./Boards/board_door_fl.o
 .debug_macro   0x00019705      0x211 ./Boards/board_door_fl.o
 .debug_macro   0x00019916      0x6bd ./Boards/board_door_fl.o
 .debug_macro   0x00019fd3      0x401 ./Boards/board_door_fl.o
 .debug_macro   0x0001a3d4      0x107 ./Boards/board_door_fl.o
 .debug_macro   0x0001a4db      0x122 ./Boards/board_door_fl.o
 .debug_macro   0x0001a5fd      0x3d1 ./Boards/board_door_fl.o
 .debug_macro   0x0001a9ce      0xbda ./Boards/board_door_fl.o
 .debug_macro   0x0001b5a8      0x47e ./Boards/board_door_fl.o
 .debug_macro   0x0001ba26      0x306 ./Boards/board_door_fl.o
 .debug_macro   0x0001bd2c       0x64 ./Boards/board_door_fl.o
 .debug_macro   0x0001bd90       0x1c ./Boards/board_door_fl.o
 .debug_macro   0x0001bdac       0x2e ./Boards/board_door_fl.o
 .debug_macro   0x0001bdda       0x1c ./Boards/board_door_fl.o
 .debug_macro   0x0001bdf6       0x61 ./Boards/board_door_fl.o
 .debug_macro   0x0001be57       0x2a ./Boards/board_door_fl.o
 .debug_macro   0x0001be81       0x43 ./Boards/board_door_fl.o
 .debug_macro   0x0001bec4       0x34 ./Boards/board_door_fl.o
 .debug_macro   0x0001bef8      0x370 ./Boards/board_door_fl.o
 .debug_macro   0x0001c268       0x16 ./Boards/board_door_fl.o
 .debug_macro   0x0001c27e       0x4a ./Boards/board_door_fl.o
 .debug_macro   0x0001c2c8       0x34 ./Boards/board_door_fl.o
 .debug_macro   0x0001c2fc       0x10 ./Boards/board_door_fl.o
 .debug_macro   0x0001c30c       0x58 ./Boards/board_door_fl.o
 .debug_macro   0x0001c364       0x8e ./Boards/board_door_fl.o
 .debug_macro   0x0001c3f2       0x1c ./Boards/board_door_fl.o
 .debug_macro   0x0001c40e      0x185 ./Boards/board_door_fl.o
 .debug_macro   0x0001c593       0x10 ./Boards/board_door_fl.o
 .debug_macro   0x0001c5a3       0x3c ./Boards/board_door_fl.o
 .debug_macro   0x0001c5df       0x20 ./Boards/board_door_fl.o
 .debug_macro   0x0001c5ff      0x202 ./Core/Src/main.o
 .debug_macro   0x0001c801      0x1d3 ./Core/Src/stm32g4xx_hal_msp.o
 .debug_macro   0x0001c9d4      0x1dd ./Core/Src/stm32g4xx_it.o
 .debug_macro   0x0001cbb1      0x1c4 ./Core/Src/system_stm32g4xx.o
 .debug_macro   0x0001cd75      0x212 ./Drivers/STM32G4xx_HAL_Driver/Src/stm32g4xx_hal.o
 .debug_macro   0x0001cf87      0x1c4 ./Drivers/STM32G4xx_HAL_Driver/Src/stm32g4xx_hal_cortex.o
 .debug_macro   0x0001d14b      0x1c4 ./Drivers/STM32G4xx_HAL_Driver/Src/stm32g4xx_hal_dma.o
 .debug_macro   0x0001d30f      0x2d6 ./Drivers/STM32G4xx_HAL_Driver/Src/stm32g4xx_hal_fdcan.o
 .debug_macro   0x0001d5e5      0x1cb ./Drivers/STM32G4xx_HAL_Driver/Src/stm32g4xx_hal_gpio.o
 .debug_macro   0x0001d7b0      0x1ee ./Drivers/STM32G4xx_HAL_Driver/Src/stm32g4xx_hal_pwr_ex.o
 .debug_macro   0x0001d99e      0x206 ./Drivers/STM32G4xx_HAL_Driver/Src/stm32g4xx_hal_rcc.o
 .debug_macro   0x0001dba4      0x1ee ./Drivers/STM32G4xx_HAL_Driver/Src/stm32g4xx_hal_rcc_ex.o
 .debug_macro   0x0001dd92      0x1cc ./Drivers/STM32G4xx_HAL_Driver/Src/stm32g4xx_hal_tim.o
 .debug_macro   0x0001df5e      0x1ca ./Drivers/STM32G4xx_HAL_Driver/Src/stm32g4xx_hal_tim_ex.o
 .debug_macro   0x0001e128      0x2aa ./Lightning/driver.o
 .debug_macro   0x0001e3d2      0x2c8 ./Lightning/effects.o
 .debug_macro   0x0001e69a      0x19b ./Lightning/effects.o
 .debug_macro   0x0001e835       0x16 ./Lightning/effects.o
 .debug_macro   0x0001e84b      0x2ae ./Lightning/frame_utils.o
 .debug_macro   0x0001eaf9      0x27c ./Lightning/palette.o
 .debug_macro   0x0001ed75       0x22 ./Lightning/palette.o
 .debug_macro   0x0001ed97       0x56 ./Lightning/palette.o
 .debug_macro   0x0001eded       0x7d ./Lightning/presets.o
 .debug_macro   0x0001ee6a      0x202 ./Lightning/scene_player.o
 .debug_macro   0x0001f06c      0x2d9 ./Lightning/zones.o

.debug_line     0x00000000    0x153c8
 .debug_line    0x00000000      0x8fc ./Boards/board_door_fl.o
 .debug_line    0x000008fc      0xad5 ./Core/Src/main.o
 .debug_line    0x000013d1      0x868 ./Core/Src/stm32g4xx_hal_msp.o
 .debug_line    0x00001c39      0x81b ./Core/Src/stm32g4xx_it.o
 .debug_line    0x00002454      0x749 ./Core/Src/system_stm32g4xx.o
 .debug_line    0x00002b9d       0x7b ./Core/Startup/startup_stm32g431cbux.o
 .debug_line    0x00002c18      0xb15 ./Drivers/STM32G4xx_HAL_Driver/Src/stm32g4xx_hal.o
 .debug_line    0x0000372d      0xc7a ./Drivers/STM32G4xx_HAL_Driver/Src/stm32g4xx_hal_cortex.o
 .debug_line    0x000043a7      0xe14 ./Drivers/STM32G4xx_HAL_Driver/Src/stm32g4xx_hal_dma.o
 .debug_line    0x000051bb     0x1856 ./Drivers/STM32G4xx_HAL_Driver/Src/stm32g4xx_hal_fdcan.o
 .debug_line    0x00006a11      0xaee ./Drivers/STM32G4xx_HAL_Driver/Src/stm32g4xx_hal_gpio.o
 .debug_line    0x000074ff      0xc74 ./Drivers/STM32G4xx_HAL_Driver/Src/stm32g4xx_hal_pwr_ex.o
 .debug_line    0x00008173      0xf98 ./Drivers/STM32G4xx_HAL_Driver/Src/stm32g4xx_hal_rcc.o
 .debug_line    0x0000910b     0x10c4 ./Drivers/STM32G4xx_HAL_Driver/Src/stm32g4xx_hal_rcc_ex.o
 .debug_line    0x0000a1cf     0x3e7c ./Drivers/STM32G4xx_HAL_Driver/Src/stm32g4xx_hal_tim.o
 .debug_line    0x0000e04b     0x1f5c ./Drivers/STM32G4xx_HAL_Driver/Src/stm32g4xx_hal_tim_ex.o
 .debug_line    0x0000ffa7      0xbf0 ./Lightning/driver.o
 .debug_line    0x00010b97     0x1380 ./Lightning/effects.o
 .debug_line    0x00011f17      0xd3c ./Lightning/frame_utils.o
 .debug_line    0x00012c53      0xa82 ./Lightning/palette.o
 .debug_line    0x000136d5      0x4d1 ./Lightning/presets.o
 .debug_line    0x00013ba6      0x92b ./Lightning/scene_player.o
 .debug_line    0x000144d1      0xef7 ./Lightning/zones.o

.debug_str      0x00000000    0xc6317
 .debug_str     0x00000000    0xc6317 ./Boards/board_door_fl.o
                              0xbfab2 (size before relaxing)
 .debug_str     0x000c6317        0x0 ./Core/Src/main.o
                              0xbd9ac (size before relaxing)
 .debug_str     0x000c6317        0x0 ./Core/Src/stm32g4xx_hal_msp.o
                              0xbd0b3 (size before relaxing)
 .debug_str     0x000c6317        0x0 ./Core/Src/stm32g4xx_it.o
                              0xbc5f3 (size before relaxing)
 .debug_str     0x000c6317        0x0 ./Core/Src/system_stm32g4xx.o
                              0xbbec6 (size before relaxing)
 .debug_str     0x000c6317        0x0 ./Core/Startup/startup_stm32g431cbux.o
                                 0x80 (size before relaxing)
 .debug_str     0x000c6317        0x0 ./Drivers/STM32G4xx_HAL_Driver/Src/stm32g4xx_hal.o
                              0xbca05 (size before relaxing)
 .debug_str     0x000c6317        0x0 ./Drivers/STM32G4xx_HAL_Driver/Src/stm32g4xx_hal_cortex.o
                              0xbc6c1 (size before relaxing)
 .debug_str     0x000c6317        0x0 ./Drivers/STM32G4xx_HAL_Driver/Src/stm32g4xx_hal_dma.o
                              0xbc2a0 (size before relaxing)
 .debug_str     0x000c6317        0x0 ./Drivers/STM32G4xx_HAL_Driver/Src/stm32g4xx_hal_fdcan.o
                              0xbd475 (size before relaxing)
 .debug_str     0x000c6317        0x0 ./Drivers/STM32G4xx_HAL_Driver/Src/stm32g4xx_hal_gpio.o
                              0xbc051 (size before relaxing)
 .debug_str     0x000c6317        0x0 ./Drivers/STM32G4xx_HAL_Driver/Src/stm32g4xx_hal_pwr_ex.o
                              0xbc3b4 (size before relaxing)
 .debug_str     0x000c6317        0x0 ./Drivers/STM32G4xx_HAL_Driver/Src/stm32g4xx_hal_rcc.o
                              0xbc5bf (size before relaxing)
 .debug_str     0x000c6317        0x0 ./Drivers/STM32G4xx_HAL_Driver/Src/stm32g4xx_hal_rcc_ex.o
                              0xbc5c0 (size before relaxing)
 .debug_str     0x000c6317        0x0 ./Drivers/STM32G4xx_HAL_Driver/Src/stm32g4xx_hal_tim.o
                              0xbd3c4 (size before relaxing)
 .debug_str     0x000c6317        0x0 ./Drivers/STM32G4xx_HAL_Driver/Src/stm32g4xx_hal_tim_ex.o
                              0xbd038 (size before relaxing)
 .debug_str     0x000c6317        0x0 ./Lightning/driver.o
                              0xbf948 (size before relaxing)
 .debug_str     0x000c6317        0x0 ./Lightning/effects.o
                              0xc03f8 (size before relaxing)
 .debug_str     0x000c6317        0x0 ./Lightning/frame_utils.o
                              0xbf81b (size before relaxing)
 .debug_str     0x000c6317        0x0 ./Lightning/palette.o
                              0xbf8d3 (size before relaxing)
 .debug_str     0x000c6317        0x0 ./Lightning/presets.o
                               0x473e (size before relaxing)
 .debug_str     0x000c6317        0x0 ./Lightning/scene_player.o
                              0xbcbc7 (size before relaxing)
 .debug_str     0x000c6317        0x0 ./Lightning/zones.o
                              0xc05d4 (size before relaxing)

.comment        0x00000000       0x86
 .comment       0x00000000       0x86 ./Boards/board_door_fl.o
                                 0x44 (size before relaxing)
 .comment       0x00000086        0x0 ./Core/Src/main.o
                                 0x44 (size before relaxing)
 .comment       0x00000086        0x0 ./Core/Src/stm32g4xx_hal_msp.o
                                 0x44 (size before relaxing)
 .comment       0x00000086        0x0 ./Core/Src/stm32g4xx_it.o
                                 0x44 (size before relaxing)
 .comment       0x00000086        0x0 ./Core/Src/system_stm32g4xx.o
                                 0x44 (size before relaxing)
 .comment       0x00000086        0x0 ./Drivers/STM32G4xx_HAL_Driver/Src/stm32g4xx_hal.o
                                 0x44 (size before relaxing)
 .comment       0x00000086        0x0 ./Drivers/STM32G4xx_HAL_Driver/Src/stm32g4xx_hal_cortex.o
                                 0x44 (size before relaxing)
 .comment       0x00000086        0x0 ./Drivers/STM32G4xx_HAL_Driver/Src/stm32g4xx_hal_dma.o
                                 0x44 (size before relaxing)
 .comment       0x00000086        0x0 ./Drivers/STM32G4xx_HAL_Driver/Src/stm32g4xx_hal_fdcan.o
                                 0x44 (size before relaxing)
 .comment       0x00000086        0x0 ./Drivers/STM32G4xx_HAL_Driver/Src/stm32g4xx_hal_gpio.o
                                 0x44 (size before relaxing)
 .comment       0x00000086        0x0 ./Drivers/STM32G4xx_HAL_Driver/Src/stm32g4xx_hal_pwr_ex.o
                                 0x44 (size before relaxing)
 .comment       0x00000086        0x0 ./Drivers/STM32G4xx_HAL_Driver/Src/stm32g4xx_hal_rcc.o
                                 0x44 (size before relaxing)
 .comment       0x00000086        0x0 ./Drivers/STM32G4xx_HAL_Driver/Src/stm32g4xx_hal_rcc_ex.o
                                 0x44 (size before relaxing)
 .comment       0x00000086        0x0 ./Drivers/STM32G4xx_HAL_Driver/Src/stm32g4xx_hal_tim.o
                                 0x44 (size before relaxing)
 .comment       0x00000086        0x0 ./Drivers/STM32G4xx_HAL_Driver/Src/stm32g4xx_hal_tim_ex.o
                                 0x44 (size before relaxing)
 .comment       0x00000086        0x0 ./Lightning/driver.o
                                 0x44 (size before relaxing)
 .comment       0x00000086        0x0 ./Lightning/effects.o
                                 0x44 (size before relaxing)
 .comment       0x00000086        0x0 ./Lightning/frame_utils.o
                                 0x44 (size before relaxing)
 .comment       0x00000086        0x0 ./Lightning/palette.o
                                 0x44 (size before relaxing)
 .comment       0x00000086        0x0 ./Lightning/presets.o
                                 0x44 (size before relaxing)
 .comment       0x00000086        0x0 ./Lightning/scene_player.o
                                 0x44 (size before relaxing)
 .comment       0x00000086        0x0 ./Lightning/zones.o
                                 0x44 (size before relaxing)

.debug_frame    0x00000000     0x5084
 .debug_frame   0x00000000       0x50 ./Boards/board_door_fl.o
 .debug_frame   0x00000050      0x118 ./Core/Src/main.o
 .debug_frame   0x00000168       0xe8 ./Core/Src/stm32g4xx_hal_msp.o
 .debug_frame   0x00000250      0x1ac ./Core/Src/stm32g4xx_it.o
 .debug_frame   0x000003fc       0x58 ./Core/Src/system_stm32g4xx.o
 .debug_frame   0x00000454      0x500 ./Drivers/STM32G4xx_HAL_Driver/Src/stm32g4xx_hal.o
 .debug_frame   0x00000954      0x4e8 ./Drivers/STM32G4xx_HAL_Driver/Src/stm32g4xx_hal_cortex.o
 .debug_frame   0x00000e3c      0x24c ./Drivers/STM32G4xx_HAL_Driver/Src/stm32g4xx_hal_dma.o
 .debug_frame   0x00001088      0x9b0 ./Drivers/STM32G4xx_HAL_Driver/Src/stm32g4xx_hal_fdcan.o
 .debug_frame   0x00001a38      0x14c ./Drivers/STM32G4xx_HAL_Driver/Src/stm32g4xx_hal_gpio.o
 .debug_frame   0x00001b84      0x4fc ./Drivers/STM32G4xx_HAL_Driver/Src/stm32g4xx_hal_pwr_ex.o
 .debug_frame   0x00002080      0x23c ./Drivers/STM32G4xx_HAL_Driver/Src/stm32g4xx_hal_rcc.o
 .debug_frame   0x000022bc      0x2ac ./Drivers/STM32G4xx_HAL_Driver/Src/stm32g4xx_hal_rcc_ex.o
 .debug_frame   0x00002568     0x121c ./Drivers/STM32G4xx_HAL_Driver/Src/stm32g4xx_hal_tim.o
 .debug_frame   0x00003784      0xa68 ./Drivers/STM32G4xx_HAL_Driver/Src/stm32g4xx_hal_tim_ex.o
 .debug_frame   0x000041ec      0x1c8 ./Lightning/driver.o
 .debug_frame   0x000043b4      0x2ec ./Lightning/effects.o
 .debug_frame   0x000046a0      0x1a4 ./Lightning/frame_utils.o
 .debug_frame   0x00004844       0x60 ./Lightning/palette.o
 .debug_frame   0x000048a4       0xac ./Lightning/presets.o
 .debug_frame   0x00004950       0xfc ./Lightning/scene_player.o
 .debug_frame   0x00004a4c      0x128 ./Lightning/zones.o
 .debug_frame   0x00004b74      0x144 /Applications/STM32CubeIDE.app/Contents/Eclipse/plugins/com.st.stm32cube.ide.mcu.externaltools.gnu-tools-for-stm32.13.3.rel1.macos64_1.0.100.202509120712/tools/bin/../lib/gcc/arm-none-eabi/13.3.1/../../../../arm-none-eabi/lib/thumb/v7e-m+fp/hard/libc_nano.a(libc_a-findfp.o)
 .debug_frame   0x00004cb8       0x20 /Applications/STM32CubeIDE.app/Contents/Eclipse/plugins/com.st.stm32cube.ide.mcu.externaltools.gnu-tools-for-stm32.13.3.rel1.macos64_1.0.100.202509120712/tools/bin/../lib/gcc/arm-none-eabi/13.3.1/../../../../arm-none-eabi/lib/thumb/v7e-m+fp/hard/libc_nano.a(libc_a-memset.o)
 .debug_frame   0x00004cd8       0x20 /Applications/STM32CubeIDE.app/Contents/Eclipse/plugins/com.st.stm32cube.ide.mcu.externaltools.gnu-tools-for-stm32.13.3.rel1.macos64_1.0.100.202509120712/tools/bin/../lib/gcc/arm-none-eabi/13.3.1/../../../../arm-none-eabi/lib/thumb/v7e-m+fp/hard/libc_nano.a(libc_a-errno.o)
 .debug_frame   0x00004cf8       0x2c /Applications/STM32CubeIDE.app/Contents/Eclipse/plugins/com.st.stm32cube.ide.mcu.externaltools.gnu-tools-for-stm32.13.3.rel1.macos64_1.0.100.202509120712/tools/bin/../lib/gcc/arm-none-eabi/13.3.1/../../../../arm-none-eabi/lib/thumb/v7e-m+fp/hard/libc_nano.a(libc_a-init.o)
 .debug_frame   0x00004d24       0x3c /Applications/STM32CubeIDE.app/Contents/Eclipse/plugins/com.st.stm32cube.ide.mcu.externaltools.gnu-tools-for-stm32.13.3.rel1.macos64_1.0.100.202509120712/tools/bin/../lib/gcc/arm-none-eabi/13.3.1/../../../../arm-none-eabi/lib/thumb/v7e-m+fp/hard/libm.a(libm_a-wf_exp.o)
 .debug_frame   0x00004d60       0x48 /Applications/STM32CubeIDE.app/Contents/Eclipse/plugins/com.st.stm32cube.ide.mcu.externaltools.gnu-tools-for-stm32.13.3.rel1.macos64_1.0.100.202509120712/tools/bin/../lib/gcc/arm-none-eabi/13.3.1/../../../../arm-none-eabi/lib/thumb/v7e-m+fp/hard/libm.a(libm_a-wf_pow.o)
 .debug_frame   0x00004da8       0x20 /Applications/STM32CubeIDE.app/Contents/Eclipse/plugins/com.st.stm32cube.ide.mcu.externaltools.gnu-tools-for-stm32.13.3.rel1.macos64_1.0.100.202509120712/tools/bin/../lib/gcc/arm-none-eabi/13.3.1/../../../../arm-none-eabi/lib/thumb/v7e-m+fp/hard/libm.a(libm_a-sf_finite.o)
 .debug_frame   0x00004dc8       0x38 /Applications/STM32CubeIDE.app/Contents/Eclipse/plugins/com.st.stm32cube.ide.mcu.externaltools.gnu-tools-for-stm32.13.3.rel1.macos64_1.0.100.202509120712/tools/bin/../lib/gcc/arm-none-eabi/13.3.1/../../../../arm-none-eabi/lib/thumb/v7e-m+fp/hard/libm.a(libm_a-sf_sin.o)
 .debug_frame   0x00004e00       0x20 /Applications/STM32CubeIDE.app/Contents/Eclipse/plugins/com.st.stm32cube.ide.mcu.externaltools.gnu-tools-for-stm32.13.3.rel1.macos64_1.0.100.202509120712/tools/bin/../lib/gcc/arm-none-eabi/13.3.1/../../../../arm-none-eabi/lib/thumb/v7e-m+fp/hard/libm.a(libm_a-kf_cos.o)
 .debug_frame   0x00004e20       0x20 /Applications/STM32CubeIDE.app/Contents/Eclipse/plugins/com.st.stm32cube.ide.mcu.externaltools.gnu-tools-for-stm32.13.3.rel1.macos64_1.0.100.202509120712/tools/bin/../lib/gcc/arm-none-eabi/13.3.1/../../../../arm-none-eabi/lib/thumb/v7e-m+fp/hard/libm.a(libm_a-kf_sin.o)
 .debug_frame   0x00004e40       0x20 /Applications/STM32CubeIDE.app/Contents/Eclipse/plugins/com.st.stm32cube.ide.mcu.externaltools.gnu-tools-for-stm32.13.3.rel1.macos64_1.0.100.202509120712/tools/bin/../lib/gcc/arm-none-eabi/13.3.1/../../../../arm-none-eabi/lib/thumb/v7e-m+fp/hard/libm.a(libm_a-ef_exp.o)